<?xml version="1.0" encoding="ISO-8859-1" ?>
<link_info>
   <banner>TI ARM Linker PC v18.12.3.LTS</banner>
   <copyright>Copyright (c) 1996-2018 Texas Instruments Incorporated</copyright>
   <link_time>0x608e631a</link_time>
   <link_errors>0x0</link_errors>
   <output_file>FR2V2_TCU.out</output_file>
   <entry_point>
      <name>_c_int00_noargs</name>
      <address>0x5b5d</address>
   </entry_point>
   <input_file_list>
      <input_file id="fl-2">
         <path>.\</path>
         <kind>object</kind>
         <file>main.obj</file>
         <name>main.obj</name>
      </input_file>
      <input_file id="fl-3">
         <path>.\</path>
         <kind>object</kind>
         <file>tm4c1230h6pm_startup_ccs.obj</file>
         <name>tm4c1230h6pm_startup_ccs.obj</name>
      </input_file>
      <input_file id="fl-4">
         <path>.\Api\</path>
         <kind>object</kind>
         <file>api_autotune.obj</file>
         <name>api_autotune.obj</name>
      </input_file>
      <input_file id="fl-5">
         <path>.\Api\</path>
         <kind>object</kind>
         <file>api_cmd.obj</file>
         <name>api_cmd.obj</name>
      </input_file>
      <input_file id="fl-6">
         <path>.\Api\</path>
         <kind>object</kind>
         <file>api_filter_fir.obj</file>
         <name>api_filter_fir.obj</name>
      </input_file>
      <input_file id="fl-7">
         <path>.\Api\</path>
         <kind>object</kind>
         <file>api_msg.obj</file>
         <name>api_msg.obj</name>
      </input_file>
      <input_file id="fl-8">
         <path>.\Api\</path>
         <kind>object</kind>
         <file>api_pid.obj</file>
         <name>api_pid.obj</name>
      </input_file>
      <input_file id="fl-9">
         <path>.\Api\</path>
         <kind>object</kind>
         <file>api_systick.obj</file>
         <name>api_systick.obj</name>
      </input_file>
      <input_file id="fl-a">
         <path>.\Api\</path>
         <kind>object</kind>
         <file>api_util.obj</file>
         <name>api_util.obj</name>
      </input_file>
      <input_file id="fl-b">
         <path>.\App\</path>
         <kind>object</kind>
         <file>app.obj</file>
         <name>app.obj</name>
      </input_file>
      <input_file id="fl-c">
         <path>.\App\</path>
         <kind>object</kind>
         <file>app_console.obj</file>
         <name>app_console.obj</name>
      </input_file>
      <input_file id="fl-d">
         <path>.\App\</path>
         <kind>object</kind>
         <file>app_gpio_config.obj</file>
         <name>app_gpio_config.obj</name>
      </input_file>
      <input_file id="fl-e">
         <path>.\App\</path>
         <kind>object</kind>
         <file>app_host_if.obj</file>
         <name>app_host_if.obj</name>
      </input_file>
      <input_file id="fl-f">
         <path>.\App\</path>
         <kind>object</kind>
         <file>app_ssr_ctrl.obj</file>
         <name>app_ssr_ctrl.obj</name>
      </input_file>
      <input_file id="fl-10">
         <path>.\App\</path>
         <kind>object</kind>
         <file>app_test_func.obj</file>
         <name>app_test_func.obj</name>
      </input_file>
      <input_file id="fl-11">
         <path>.\App\</path>
         <kind>object</kind>
         <file>max31865.obj</file>
         <name>max31865.obj</name>
      </input_file>
      <input_file id="fl-12">
         <path>.\Hal\</path>
         <kind>object</kind>
         <file>hal_delay.obj</file>
         <name>hal_delay.obj</name>
      </input_file>
      <input_file id="fl-13">
         <path>.\Hal\</path>
         <kind>object</kind>
         <file>hal_eeprom_pb.obj</file>
         <name>hal_eeprom_pb.obj</name>
      </input_file>
      <input_file id="fl-14">
         <path>.\Hal\</path>
         <kind>object</kind>
         <file>hal_flash_pb.obj</file>
         <name>hal_flash_pb.obj</name>
      </input_file>
      <input_file id="fl-15">
         <path>.\Hal\</path>
         <kind>object</kind>
         <file>hal_gpio.obj</file>
         <name>hal_gpio.obj</name>
      </input_file>
      <input_file id="fl-16">
         <path>.\Hal\</path>
         <kind>object</kind>
         <file>hal_i2c.obj</file>
         <name>hal_i2c.obj</name>
      </input_file>
      <input_file id="fl-17">
         <path>.\Hal\</path>
         <kind>object</kind>
         <file>hal_spi.obj</file>
         <name>hal_spi.obj</name>
      </input_file>
      <input_file id="fl-18">
         <path>.\Hal\</path>
         <kind>object</kind>
         <file>hal_timer.obj</file>
         <name>hal_timer.obj</name>
      </input_file>
      <input_file id="fl-19">
         <path>.\Hal\</path>
         <kind>object</kind>
         <file>hal_uart.obj</file>
         <name>hal_uart.obj</name>
      </input_file>
      <input_file id="fl-1a">
         <path>.\utils\</path>
         <kind>object</kind>
         <file>uartstdio.obj</file>
         <name>uartstdio.obj</name>
      </input_file>
      <input_file id="fl-20">
         <kind>object</kind>
         <file>&lt;internal&gt;</file>
         <name>&lt;internal&gt;</name>
      </input_file>
      <input_file id="fl-d6">
         <path>C:\ti\ccs920\ccs\tools\compiler\ti-cgt-arm_18.12.3.LTS\lib\</path>
         <kind>archive</kind>
         <file>rtsv7M4_T_le_v4SPD16_eabi.lib</file>
         <name>e_pow.c.obj</name>
      </input_file>
      <input_file id="fl-d7">
         <path>C:\ti\ccs920\ccs\tools\compiler\ti-cgt-arm_18.12.3.LTS\lib\</path>
         <kind>archive</kind>
         <file>rtsv7M4_T_le_v4SPD16_eabi.lib</file>
         <name>e_sqrt.c.obj</name>
      </input_file>
      <input_file id="fl-d8">
         <path>C:\ti\ccs920\ccs\tools\compiler\ti-cgt-arm_18.12.3.LTS\lib\</path>
         <kind>archive</kind>
         <file>rtsv7M4_T_le_v4SPD16_eabi.lib</file>
         <name>s_scalbn.c.obj</name>
      </input_file>
      <input_file id="fl-d9">
         <path>C:\ti\ccs920\ccs\tools\compiler\ti-cgt-arm_18.12.3.LTS\lib\</path>
         <kind>archive</kind>
         <file>rtsv7M4_T_le_v4SPD16_eabi.lib</file>
         <name>memset_t2.asm.obj</name>
      </input_file>
      <input_file id="fl-da">
         <path>C:\ti\ccs920\ccs\tools\compiler\ti-cgt-arm_18.12.3.LTS\lib\</path>
         <kind>archive</kind>
         <file>rtsv7M4_T_le_v4SPD16_eabi.lib</file>
         <name>fd_add_t2.asm.obj</name>
      </input_file>
      <input_file id="fl-db">
         <path>C:\ti\ccs920\ccs\tools\compiler\ti-cgt-arm_18.12.3.LTS\lib\</path>
         <kind>archive</kind>
         <file>rtsv7M4_T_le_v4SPD16_eabi.lib</file>
         <name>fd_cmp_t2.asm.obj</name>
      </input_file>
      <input_file id="fl-dc">
         <path>C:\ti\ccs920\ccs\tools\compiler\ti-cgt-arm_18.12.3.LTS\lib\</path>
         <kind>archive</kind>
         <file>rtsv7M4_T_le_v4SPD16_eabi.lib</file>
         <name>fd_div_t2.asm.obj</name>
      </input_file>
      <input_file id="fl-dd">
         <path>C:\ti\ccs920\ccs\tools\compiler\ti-cgt-arm_18.12.3.LTS\lib\</path>
         <kind>archive</kind>
         <file>rtsv7M4_T_le_v4SPD16_eabi.lib</file>
         <name>fd_mul_t2.asm.obj</name>
      </input_file>
      <input_file id="fl-de">
         <path>C:\ti\ccs920\ccs\tools\compiler\ti-cgt-arm_18.12.3.LTS\lib\</path>
         <kind>archive</kind>
         <file>rtsv7M4_T_le_v4SPD16_eabi.lib</file>
         <name>fd_tos_t2.asm.obj</name>
      </input_file>
      <input_file id="fl-df">
         <path>C:\ti\ccs920\ccs\tools\compiler\ti-cgt-arm_18.12.3.LTS\lib\</path>
         <kind>archive</kind>
         <file>rtsv7M4_T_le_v4SPD16_eabi.lib</file>
         <name>fs_tod_t2.asm.obj</name>
      </input_file>
      <input_file id="fl-e0">
         <path>C:\ti\ccs920\ccs\tools\compiler\ti-cgt-arm_18.12.3.LTS\lib\</path>
         <kind>archive</kind>
         <file>rtsv7M4_T_le_v4SPD16_eabi.lib</file>
         <name>i_tofd_t2.asm.obj</name>
      </input_file>
      <input_file id="fl-e1">
         <path>C:\ti\ccs920\ccs\tools\compiler\ti-cgt-arm_18.12.3.LTS\lib\</path>
         <kind>archive</kind>
         <file>rtsv7M4_T_le_v4SPD16_eabi.lib</file>
         <name>u_tofd_t2.asm.obj</name>
      </input_file>
      <input_file id="fl-e2">
         <path>C:\ti\ccs920\ccs\tools\compiler\ti-cgt-arm_18.12.3.LTS\lib\</path>
         <kind>archive</kind>
         <file>rtsv7M4_T_le_v4SPD16_eabi.lib</file>
         <name>u_divt2.asm.obj</name>
      </input_file>
      <input_file id="fl-e3">
         <path>C:\ti\ccs920\ccs\tools\compiler\ti-cgt-arm_18.12.3.LTS\lib\</path>
         <kind>archive</kind>
         <file>rtsv7M4_T_le_v4SPD16_eabi.lib</file>
         <name>copy_zero_init.c.obj</name>
      </input_file>
      <input_file id="fl-e4">
         <path>C:\ti\ccs920\ccs\tools\compiler\ti-cgt-arm_18.12.3.LTS\lib\</path>
         <kind>archive</kind>
         <file>rtsv7M4_T_le_v4SPD16_eabi.lib</file>
         <name>copy_decompress_none.c.obj</name>
      </input_file>
      <input_file id="fl-e5">
         <path>C:\ti\ccs920\ccs\tools\compiler\ti-cgt-arm_18.12.3.LTS\lib\</path>
         <kind>archive</kind>
         <file>rtsv7M4_T_le_v4SPD16_eabi.lib</file>
         <name>copy_decompress_lzss.c.obj</name>
      </input_file>
      <input_file id="fl-e6">
         <path>C:\ti\ccs920\ccs\tools\compiler\ti-cgt-arm_18.12.3.LTS\lib\</path>
         <kind>archive</kind>
         <file>rtsv7M4_T_le_v4SPD16_eabi.lib</file>
         <name>atoi.c.obj</name>
      </input_file>
      <input_file id="fl-e7">
         <path>C:\ti\ccs920\ccs\tools\compiler\ti-cgt-arm_18.12.3.LTS\lib\</path>
         <kind>archive</kind>
         <file>rtsv7M4_T_le_v4SPD16_eabi.lib</file>
         <name>ctype.c.obj</name>
      </input_file>
      <input_file id="fl-e8">
         <path>C:\ti\ccs920\ccs\tools\compiler\ti-cgt-arm_18.12.3.LTS\lib\</path>
         <kind>archive</kind>
         <file>rtsv7M4_T_le_v4SPD16_eabi.lib</file>
         <name>strcmp.c.obj</name>
      </input_file>
      <input_file id="fl-e9">
         <path>C:\ti\ccs920\ccs\tools\compiler\ti-cgt-arm_18.12.3.LTS\lib\</path>
         <kind>archive</kind>
         <file>rtsv7M4_T_le_v4SPD16_eabi.lib</file>
         <name>strlen.c.obj</name>
      </input_file>
      <input_file id="fl-ea">
         <path>C:\ti\ccs920\ccs\tools\compiler\ti-cgt-arm_18.12.3.LTS\lib\</path>
         <kind>archive</kind>
         <file>rtsv7M4_T_le_v4SPD16_eabi.lib</file>
         <name>strncpy.c.obj</name>
      </input_file>
      <input_file id="fl-eb">
         <path>C:\ti\ccs920\ccs\tools\compiler\ti-cgt-arm_18.12.3.LTS\lib\</path>
         <kind>archive</kind>
         <file>rtsv7M4_T_le_v4SPD16_eabi.lib</file>
         <name>errno.c.obj</name>
      </input_file>
      <input_file id="fl-ec">
         <path>C:\ti\ccs920\ccs\tools\compiler\ti-cgt-arm_18.12.3.LTS\lib\</path>
         <kind>archive</kind>
         <file>rtsv7M4_T_le_v4SPD16_eabi.lib</file>
         <name>boot_cortex_m.c.obj</name>
      </input_file>
      <input_file id="fl-ed">
         <path>C:\ti\ccs920\ccs\tools\compiler\ti-cgt-arm_18.12.3.LTS\lib\</path>
         <kind>archive</kind>
         <file>rtsv7M4_T_le_v4SPD16_eabi.lib</file>
         <name>s_copysign.c.obj</name>
      </input_file>
      <input_file id="fl-ee">
         <path>C:\ti\ccs920\ccs\tools\compiler\ti-cgt-arm_18.12.3.LTS\lib\</path>
         <kind>archive</kind>
         <file>rtsv7M4_T_le_v4SPD16_eabi.lib</file>
         <name>div0.asm.obj</name>
      </input_file>
      <input_file id="fl-ef">
         <path>C:\ti\ccs920\ccs\tools\compiler\ti-cgt-arm_18.12.3.LTS\lib\</path>
         <kind>archive</kind>
         <file>rtsv7M4_T_le_v4SPD16_eabi.lib</file>
         <name>memcpy_t2.asm.obj</name>
      </input_file>
      <input_file id="fl-f0">
         <path>C:\ti\ccs920\ccs\tools\compiler\ti-cgt-arm_18.12.3.LTS\lib\</path>
         <kind>archive</kind>
         <file>rtsv7M4_T_le_v4SPD16_eabi.lib</file>
         <name>autoinit.c.obj</name>
      </input_file>
      <input_file id="fl-f1">
         <path>C:\ti\ccs920\ccs\tools\compiler\ti-cgt-arm_18.12.3.LTS\lib\</path>
         <kind>archive</kind>
         <file>rtsv7M4_T_le_v4SPD16_eabi.lib</file>
         <name>pre_init.c.obj</name>
      </input_file>
      <input_file id="fl-f2">
         <path>C:\ti\ccs920\ccs\tools\compiler\ti-cgt-arm_18.12.3.LTS\lib\</path>
         <kind>archive</kind>
         <file>rtsv7M4_T_le_v4SPD16_eabi.lib</file>
         <name>cpy_tbl.c.obj</name>
      </input_file>
      <input_file id="fl-f3">
         <path>C:\ti\ccs920\ccs\tools\compiler\ti-cgt-arm_18.12.3.LTS\lib\</path>
         <kind>archive</kind>
         <file>rtsv7M4_T_le_v4SPD16_eabi.lib</file>
         <name>exit.c.obj</name>
      </input_file>
      <input_file id="fl-f4">
         <path>C:\ti\ccs920\ccs\tools\compiler\ti-cgt-arm_18.12.3.LTS\lib\</path>
         <kind>archive</kind>
         <file>rtsv7M4_T_le_v4SPD16_eabi.lib</file>
         <name>_lock.c.obj</name>
      </input_file>
      <input_file id="fl-f5">
         <path>C:\ti\ccs920\ccs\tools\compiler\ti-cgt-arm_18.12.3.LTS\lib\</path>
         <kind>archive</kind>
         <file>rtsv7M4_T_le_v4SPD16_eabi.lib</file>
         <name>args_main.c.obj</name>
      </input_file>
      <input_file id="fl-f6">
         <path>C:\ti\tivaware_c_series_2_1_4_178\driverlib\ccs\Debug\</path>
         <kind>archive</kind>
         <file>driverlib.lib</file>
         <name>eeprom.obj</name>
      </input_file>
      <input_file id="fl-f7">
         <path>C:\ti\tivaware_c_series_2_1_4_178\driverlib\ccs\Debug\</path>
         <kind>archive</kind>
         <file>driverlib.lib</file>
         <name>fpu.obj</name>
      </input_file>
      <input_file id="fl-f8">
         <path>C:\ti\tivaware_c_series_2_1_4_178\driverlib\ccs\Debug\</path>
         <kind>archive</kind>
         <file>driverlib.lib</file>
         <name>gpio.obj</name>
      </input_file>
      <input_file id="fl-f9">
         <path>C:\ti\tivaware_c_series_2_1_4_178\driverlib\ccs\Debug\</path>
         <kind>archive</kind>
         <file>driverlib.lib</file>
         <name>i2c.obj</name>
      </input_file>
      <input_file id="fl-fa">
         <path>C:\ti\tivaware_c_series_2_1_4_178\driverlib\ccs\Debug\</path>
         <kind>archive</kind>
         <file>driverlib.lib</file>
         <name>interrupt.obj</name>
      </input_file>
      <input_file id="fl-fb">
         <path>C:\ti\tivaware_c_series_2_1_4_178\driverlib\ccs\Debug\</path>
         <kind>archive</kind>
         <file>driverlib.lib</file>
         <name>ssi.obj</name>
      </input_file>
      <input_file id="fl-fc">
         <path>C:\ti\tivaware_c_series_2_1_4_178\driverlib\ccs\Debug\</path>
         <kind>archive</kind>
         <file>driverlib.lib</file>
         <name>sysctl.obj</name>
      </input_file>
      <input_file id="fl-fd">
         <path>C:\ti\tivaware_c_series_2_1_4_178\driverlib\ccs\Debug\</path>
         <kind>archive</kind>
         <file>driverlib.lib</file>
         <name>systick.obj</name>
      </input_file>
      <input_file id="fl-fe">
         <path>C:\ti\tivaware_c_series_2_1_4_178\driverlib\ccs\Debug\</path>
         <kind>archive</kind>
         <file>driverlib.lib</file>
         <name>timer.obj</name>
      </input_file>
      <input_file id="fl-ff">
         <path>C:\ti\tivaware_c_series_2_1_4_178\driverlib\ccs\Debug\</path>
         <kind>archive</kind>
         <file>driverlib.lib</file>
         <name>uart.obj</name>
      </input_file>
      <input_file id="fl-100">
         <path>C:\ti\tivaware_c_series_2_1_4_178\driverlib\ccs\Debug\</path>
         <kind>archive</kind>
         <file>driverlib.lib</file>
         <name>cpu.obj</name>
      </input_file>
   </input_file_list>
   <object_component_list>
      <object_component id="oc-f">
         <name>.intvecs</name>
         <load_address>0x0</load_address>
         <run_address>0x0</run_address>
         <size>0x26c</size>
         <input_file_ref idref="fl-3"/>
      </object_component>
      <object_component id="oc-514">
         <name>.text:ATuneRun</name>
         <load_address>0x26c</load_address>
         <run_address>0x26c</run_address>
         <size>0x5b8</size>
         <input_file_ref idref="fl-4"/>
      </object_component>
      <object_component id="oc-39a">
         <name>.text:App_Run_Heater</name>
         <load_address>0x824</load_address>
         <run_address>0x824</run_address>
         <size>0x4dc</size>
         <input_file_ref idref="fl-f"/>
      </object_component>
      <object_component id="oc-50e">
         <name>.text:PidCompute</name>
         <load_address>0xd00</load_address>
         <run_address>0xd00</run_address>
         <size>0x34c</size>
         <input_file_ref idref="fl-8"/>
      </object_component>
      <object_component id="oc-2aa">
         <name>.text:App_Temp_Read</name>
         <load_address>0x104c</load_address>
         <run_address>0x104c</run_address>
         <size>0x340</size>
         <input_file_ref idref="fl-f"/>
      </object_component>
      <object_component id="oc-18b">
         <name>.text:UARTvprintf</name>
         <load_address>0x138c</load_address>
         <run_address>0x138c</run_address>
         <size>0x334</size>
         <input_file_ref idref="fl-1a"/>
      </object_component>
      <object_component id="oc-764">
         <name>.text:App_Host_IF_Send_Msg</name>
         <load_address>0x16c0</load_address>
         <run_address>0x16c0</run_address>
         <size>0x324</size>
         <input_file_ref idref="fl-e"/>
      </object_component>
      <object_component id="oc-3cb">
         <name>.text:Hal_Uart_Init</name>
         <load_address>0x19e4</load_address>
         <run_address>0x19e4</run_address>
         <size>0x1e4</size>
         <input_file_ref idref="fl-19"/>
      </object_component>
      <object_component id="oc-600">
         <name>.text:App_Temp_Alarm_Check</name>
         <load_address>0x1bc8</load_address>
         <run_address>0x1bc8</run_address>
         <size>0x1e0</size>
         <input_file_ref idref="fl-f"/>
      </object_component>
      <object_component id="oc-460">
         <name>.text:App_Host_IF_State_Machine</name>
         <load_address>0x1da8</load_address>
         <run_address>0x1da8</run_address>
         <size>0x1d4</size>
         <input_file_ref idref="fl-e"/>
      </object_component>
      <object_component id="oc-8bf">
         <name>.text:App_Temp_Status</name>
         <load_address>0x1f7c</load_address>
         <run_address>0x1f7c</run_address>
         <size>0x1cc</size>
         <input_file_ref idref="fl-f"/>
      </object_component>
      <object_component id="oc-4d8">
         <name>.text</name>
         <load_address>0x2148</load_address>
         <run_address>0x2148</run_address>
         <size>0x1b6</size>
         <input_file_ref idref="fl-da"/>
      </object_component>
      <object_component id="oc-41e">
         <name>.text:App_NV_Data_Default_Set</name>
         <load_address>0x22fe</load_address>
         <run_address>0x22fe</run_address>
         <size>0x2</size>
         <input_file_ref idref="fl-b"/>
      </object_component>
      <object_component id="oc-5f6">
         <name>.text:FlashPBSave</name>
         <load_address>0x2300</load_address>
         <run_address>0x2300</run_address>
         <size>0x184</size>
         <input_file_ref idref="fl-14"/>
      </object_component>
      <object_component id="oc-6e2">
         <name>.text:ATuneInit</name>
         <load_address>0x2484</load_address>
         <run_address>0x2484</run_address>
         <size>0x164</size>
         <input_file_ref idref="fl-4"/>
      </object_component>
      <object_component id="oc-37f">
         <name>.text:GetFIR</name>
         <load_address>0x25e8</load_address>
         <run_address>0x25e8</run_address>
         <size>0x148</size>
         <input_file_ref idref="fl-6"/>
      </object_component>
      <object_component id="oc-818">
         <name>.text:cmd_debug_lvl</name>
         <load_address>0x2730</load_address>
         <run_address>0x2730</run_address>
         <size>0x13c</size>
         <input_file_ref idref="fl-c"/>
      </object_component>
      <object_component id="oc-4d3">
         <name>.text</name>
         <load_address>0x286c</load_address>
         <run_address>0x286c</run_address>
         <size>0x136</size>
         <input_file_ref idref="fl-dc"/>
      </object_component>
      <object_component id="oc-716">
         <name>.text:GPIOPadConfigSet</name>
         <load_address>0x29a2</load_address>
         <run_address>0x29a2</run_address>
         <size>0x132</size>
         <input_file_ref idref="fl-f8"/>
      </object_component>
      <object_component id="oc-52c">
         <name>.text:ATuneGetOutputWeight</name>
         <load_address>0x2ad4</load_address>
         <run_address>0x2ad4</run_address>
         <size>0x12c</size>
         <input_file_ref idref="fl-4"/>
      </object_component>
      <object_component id="oc-412">
         <name>.text:FlashPBInit</name>
         <load_address>0x2c00</load_address>
         <run_address>0x2c00</run_address>
         <size>0x120</size>
         <input_file_ref idref="fl-14"/>
      </object_component>
      <object_component id="oc-3e8">
         <name>.text:Hal_Gpio_Pin_init</name>
         <load_address>0x2d20</load_address>
         <run_address>0x2d20</run_address>
         <size>0x120</size>
         <input_file_ref idref="fl-15"/>
      </object_component>
      <object_component id="oc-704">
         <name>.text:Drv_Max31865_Reg_Write</name>
         <load_address>0x2e40</load_address>
         <run_address>0x2e40</run_address>
         <size>0x116</size>
         <input_file_ref idref="fl-11"/>
      </object_component>
      <object_component id="oc-11a">
         <name>.text:App_Timer2A_IntHandler</name>
         <load_address>0x2f56</load_address>
         <run_address>0x2f56</run_address>
         <size>0x2</size>
         <input_file_ref idref="fl-18"/>
      </object_component>
      <object_component id="oc-6b7">
         <name>.text:ATune_FinishUp</name>
         <load_address>0x2f58</load_address>
         <run_address>0x2f58</run_address>
         <size>0x110</size>
         <input_file_ref idref="fl-4"/>
      </object_component>
      <object_component id="oc-2b9">
         <name>.text:SysCtlClockGet</name>
         <load_address>0x3068</load_address>
         <run_address>0x3068</run_address>
         <size>0x110</size>
         <input_file_ref idref="fl-fc"/>
      </object_component>
      <object_component id="oc-4c8">
         <name>.text:Drv_Max31865_Reg_Read</name>
         <load_address>0x3178</load_address>
         <run_address>0x3178</run_address>
         <size>0x10a</size>
         <input_file_ref idref="fl-11"/>
      </object_component>
      <object_component id="oc-122">
         <name>.text:App_Timer3A_IntHandler</name>
         <load_address>0x3282</load_address>
         <run_address>0x3282</run_address>
         <size>0x2</size>
         <input_file_ref idref="fl-18"/>
      </object_component>
      <object_component id="oc-3db">
         <name>.text:App_Sys_Logo</name>
         <load_address>0x3284</load_address>
         <run_address>0x3284</run_address>
         <size>0xfc</size>
         <input_file_ref idref="fl-b"/>
      </object_component>
      <object_component id="oc-558">
         <name>.text</name>
         <load_address>0x3380</load_address>
         <run_address>0x3380</run_address>
         <size>0xfc</size>
         <input_file_ref idref="fl-dd"/>
      </object_component>
      <object_component id="oc-2b3">
         <name>.text:SysCtlClockSet</name>
         <load_address>0x347c</load_address>
         <run_address>0x347c</run_address>
         <size>0xf4</size>
         <input_file_ref idref="fl-fc"/>
      </object_component>
      <object_component id="oc-473">
         <name>.text:App_Console_Cmd_Check</name>
         <load_address>0x3570</load_address>
         <run_address>0x3570</run_address>
         <size>0xec</size>
         <input_file_ref idref="fl-c"/>
      </object_component>
      <object_component id="oc-30a">
         <name>.text:App_Console_Data_Rcv</name>
         <load_address>0x365c</load_address>
         <run_address>0x365c</run_address>
         <size>0xe0</size>
         <input_file_ref idref="fl-c"/>
      </object_component>
      <object_component id="oc-644">
         <name>.text:App_Host_IF_Msg_Parser</name>
         <load_address>0x373c</load_address>
         <run_address>0x373c</run_address>
         <size>0xd8</size>
         <input_file_ref idref="fl-e"/>
      </object_component>
      <object_component id="oc-7a0">
         <name>.text:App_Set_SP</name>
         <load_address>0x3814</load_address>
         <run_address>0x3814</run_address>
         <size>0xd4</size>
         <input_file_ref idref="fl-f"/>
      </object_component>
      <object_component id="oc-508">
         <name>.text:App_Check_K_Valid</name>
         <load_address>0x38e8</load_address>
         <run_address>0x38e8</run_address>
         <size>0xcc</size>
         <input_file_ref idref="fl-f"/>
      </object_component>
      <object_component id="oc-532">
         <name>.text:PidSetTunings</name>
         <load_address>0x39b4</load_address>
         <run_address>0x39b4</run_address>
         <size>0xcc</size>
         <input_file_ref idref="fl-8"/>
      </object_component>
      <object_component id="oc-502">
         <name>.text:App_SSR_PWM_Set</name>
         <load_address>0x3a80</load_address>
         <run_address>0x3a80</run_address>
         <size>0xc0</size>
         <input_file_ref idref="fl-f"/>
      </object_component>
      <object_component id="oc-8b9">
         <name>.text:App_Temp_Alarm_Config</name>
         <load_address>0x3b40</load_address>
         <run_address>0x3b40</run_address>
         <size>0xc0</size>
         <input_file_ref idref="fl-f"/>
      </object_component>
      <object_component id="oc-373">
         <name>.text:Drv_Max31865_Temp_Read</name>
         <load_address>0x3c00</load_address>
         <run_address>0x3c00</run_address>
         <size>0xc0</size>
         <input_file_ref idref="fl-11"/>
      </object_component>
      <object_component id="oc-616">
         <name>.text:App_Temp_Display</name>
         <load_address>0x3cc0</load_address>
         <run_address>0x3cc0</run_address>
         <size>0xb0</size>
         <input_file_ref idref="fl-f"/>
      </object_component>
      <object_component id="oc-3d1">
         <name>.text:UARTStdioConfig</name>
         <load_address>0x3d70</load_address>
         <run_address>0x3d70</run_address>
         <size>0xb0</size>
         <input_file_ref idref="fl-1a"/>
      </object_component>
      <object_component id="oc-520">
         <name>.text:ATuneGetKi</name>
         <load_address>0x3e20</load_address>
         <run_address>0x3e20</run_address>
         <size>0xa8</size>
         <input_file_ref idref="fl-4"/>
      </object_component>
      <object_component id="oc-654">
         <name>.text:CmdLineProcess</name>
         <load_address>0x3ec8</load_address>
         <run_address>0x3ec8</run_address>
         <size>0xa8</size>
         <input_file_ref idref="fl-5"/>
      </object_component>
      <object_component id="oc-459">
         <name>.text:Api_SWTimer_Proc</name>
         <load_address>0x3f70</load_address>
         <run_address>0x3f70</run_address>
         <size>0x9c</size>
         <input_file_ref idref="fl-9"/>
      </object_component>
      <object_component id="oc-2a1">
         <name>.text:App_Heater_Ctrl</name>
         <load_address>0x400c</load_address>
         <run_address>0x400c</run_address>
         <size>0x9c</size>
         <input_file_ref idref="fl-f"/>
      </object_component>
      <object_component id="oc-9e">
         <name>.text</name>
         <load_address>0x40a8</load_address>
         <run_address>0x40a8</run_address>
         <size>0x9c</size>
         <input_file_ref idref="fl-ef"/>
      </object_component>
      <object_component id="oc-812">
         <name>.text:Cmd_help</name>
         <load_address>0x4144</load_address>
         <run_address>0x4144</run_address>
         <size>0x94</size>
         <input_file_ref idref="fl-c"/>
      </object_component>
      <object_component id="oc-62a">
         <name>.text:Hal_Timer_Init</name>
         <load_address>0x41d8</load_address>
         <run_address>0x41d8</run_address>
         <size>0x94</size>
         <input_file_ref idref="fl-18"/>
      </object_component>
      <object_component id="oc-541">
         <name>.text:App_Ctrl_Param_Init</name>
         <load_address>0x426c</load_address>
         <run_address>0x426c</run_address>
         <size>0x90</size>
         <input_file_ref idref="fl-f"/>
      </object_component>
      <object_component id="oc-24e">
         <name>.text:Hal_Gpo_Write</name>
         <load_address>0x42fc</load_address>
         <run_address>0x42fc</run_address>
         <size>0x90</size>
         <input_file_ref idref="fl-15"/>
      </object_component>
      <object_component id="oc-638">
         <name>.text:App_Host_IF_Msg_Update</name>
         <load_address>0x438c</load_address>
         <run_address>0x438c</run_address>
         <size>0x8c</size>
         <input_file_ref idref="fl-e"/>
      </object_component>
      <object_component id="oc-17e">
         <name>.text:App_SSR_Ctrl</name>
         <load_address>0x4418</load_address>
         <run_address>0x4418</run_address>
         <size>0x8c</size>
         <input_file_ref idref="fl-f"/>
      </object_component>
      <object_component id="oc-266">
         <name>.text:UARTwrite</name>
         <load_address>0x44a4</load_address>
         <run_address>0x44a4</run_address>
         <size>0x8c</size>
         <input_file_ref idref="fl-1a"/>
      </object_component>
      <object_component id="oc-38f">
         <name>.text:__aeabi_cdcmple</name>
         <load_address>0x4530</load_address>
         <run_address>0x4530</run_address>
         <size>0x86</size>
         <input_file_ref idref="fl-db"/>
      </object_component>
      <object_component id="oc-38a">
         <name>.text:__aeabi_cdrcmple</name>
         <load_address>0x45b6</load_address>
         <run_address>0x45b6</run_address>
         <size>0x86</size>
         <input_file_ref idref="fl-db"/>
      </object_component>
      <object_component id="oc-42d">
         <name>.text:Api_SWTimer_Resister</name>
         <load_address>0x463c</load_address>
         <run_address>0x463c</run_address>
         <size>0x84</size>
         <input_file_ref idref="fl-9"/>
      </object_component>
      <object_component id="oc-2e5">
         <name>.text:App_Host_IF_Init</name>
         <load_address>0x46c0</load_address>
         <run_address>0x46c0</run_address>
         <size>0x84</size>
         <input_file_ref idref="fl-e"/>
      </object_component>
      <object_component id="oc-44c">
         <name>.text:App_SSR_Ctrl_Init</name>
         <load_address>0x4744</load_address>
         <run_address>0x4744</run_address>
         <size>0x84</size>
         <input_file_ref idref="fl-f"/>
      </object_component>
      <object_component id="oc-1b4">
         <name>.text:Hal_Uart_Data_Fill</name>
         <load_address>0x47c8</load_address>
         <run_address>0x47c8</run_address>
         <size>0x84</size>
         <input_file_ref idref="fl-19"/>
      </object_component>
      <object_component id="oc-2eb">
         <name>.text:App_Load_Config</name>
         <load_address>0x484c</load_address>
         <run_address>0x484c</run_address>
         <size>0x83</size>
         <input_file_ref idref="fl-b"/>
      </object_component>
      <object_component id="oc-5e9">
         <name>.text:FlashPBIsValid</name>
         <load_address>0x48d0</load_address>
         <run_address>0x48d0</run_address>
         <size>0x7c</size>
         <input_file_ref idref="fl-14"/>
      </object_component>
      <object_component id="oc-848">
         <name>.text:cmd_data_display</name>
         <load_address>0x494c</load_address>
         <run_address>0x494c</run_address>
         <size>0x7c</size>
         <input_file_ref idref="fl-c"/>
      </object_component>
      <object_component id="oc-830">
         <name>.text:cmd_heater_ctrl</name>
         <load_address>0x49c8</load_address>
         <run_address>0x49c8</run_address>
         <size>0x7c</size>
         <input_file_ref idref="fl-c"/>
      </object_component>
      <object_component id="oc-160">
         <name>.text</name>
         <load_address>0x4a44</load_address>
         <run_address>0x4a44</run_address>
         <size>0x7a</size>
         <input_file_ref idref="fl-d9"/>
      </object_component>
      <object_component id="oc-12e">
         <name>.text:App_Timer4A_IntHandler</name>
         <load_address>0x4abe</load_address>
         <run_address>0x4abe</run_address>
         <size>0x2</size>
         <input_file_ref idref="fl-18"/>
      </object_component>
      <object_component id="oc-526">
         <name>.text:ATuneGetKd</name>
         <load_address>0x4ac0</load_address>
         <run_address>0x4ac0</run_address>
         <size>0x78</size>
         <input_file_ref idref="fl-4"/>
      </object_component>
      <object_component id="oc-3a0">
         <name>.text:Api_Period_Check</name>
         <load_address>0x4b38</load_address>
         <run_address>0x4b38</run_address>
         <size>0x78</size>
         <input_file_ref idref="fl-9"/>
      </object_component>
      <object_component id="oc-83c">
         <name>.text:cmd_pid_mode</name>
         <load_address>0x4bb0</load_address>
         <run_address>0x4bb0</run_address>
         <size>0x78</size>
         <input_file_ref idref="fl-c"/>
      </object_component>
      <object_component id="oc-4dd">
         <name>.text</name>
         <load_address>0x4c28</load_address>
         <run_address>0x4c28</run_address>
         <size>0x6e</size>
         <input_file_ref idref="fl-de"/>
      </object_component>
      <object_component id="oc-55e">
         <name>.text:Drv_MAX31865_GPIO_Pin_Init</name>
         <load_address>0x4c96</load_address>
         <run_address>0x4c96</run_address>
         <size>0x2</size>
         <input_file_ref idref="fl-11"/>
      </object_component>
      <object_component id="oc-51a">
         <name>.text:ATuneGetKp</name>
         <load_address>0x4c98</load_address>
         <run_address>0x4c98</run_address>
         <size>0x6c</size>
         <input_file_ref idref="fl-4"/>
      </object_component>
      <object_component id="oc-3a6">
         <name>.text:Drv_Max31865_Chips_Init</name>
         <load_address>0x4d04</load_address>
         <run_address>0x4d04</run_address>
         <size>0x6c</size>
         <input_file_ref idref="fl-11"/>
      </object_component>
      <object_component id="oc-46d">
         <name>.text:Hal_Uart_Get_Char</name>
         <load_address>0x4d70</load_address>
         <run_address>0x4d70</run_address>
         <size>0x6c</size>
         <input_file_ref idref="fl-19"/>
      </object_component>
      <object_component id="oc-6ee">
         <name>.text:InitFir</name>
         <load_address>0x4ddc</load_address>
         <run_address>0x4ddc</run_address>
         <size>0x6c</size>
         <input_file_ref idref="fl-6"/>
      </object_component>
      <object_component id="oc-7bf">
         <name>.text:Hal_Gpi_Read</name>
         <load_address>0x4e48</load_address>
         <run_address>0x4e48</run_address>
         <size>0x68</size>
         <input_file_ref idref="fl-15"/>
      </object_component>
      <object_component id="oc-59c">
         <name>.text:IntEnable</name>
         <load_address>0x4eb0</load_address>
         <run_address>0x4eb0</run_address>
         <size>0x68</size>
         <input_file_ref idref="fl-fa"/>
      </object_component>
      <object_component id="oc-12">
         <name>.text:decompress:lzss:__TI_decompress_lzss</name>
         <load_address>0x4f18</load_address>
         <run_address>0x4f18</run_address>
         <size>0x68</size>
         <input_file_ref idref="fl-e5"/>
      </object_component>
      <object_component id="oc-d7">
         <name>.text:dmsg</name>
         <load_address>0x4f80</load_address>
         <run_address>0x4f80</run_address>
         <size>0x64</size>
         <input_file_ref idref="fl-c"/>
      </object_component>
      <object_component id="oc-775">
         <name>.text:TimerConfigure</name>
         <load_address>0x4fe4</load_address>
         <run_address>0x4fe4</run_address>
         <size>0x60</size>
         <input_file_ref idref="fl-fe"/>
      </object_component>
      <object_component id="oc-1d5">
         <name>.text:App_Heater_Ctrl_Proc</name>
         <load_address>0x5044</load_address>
         <run_address>0x5044</run_address>
         <size>0x5c</size>
         <input_file_ref idref="fl-f"/>
      </object_component>
      <object_component id="oc-75d">
         <name>.text:App_Alarm_Ctrl</name>
         <load_address>0x50a0</load_address>
         <run_address>0x50a0</run_address>
         <size>0x58</size>
         <input_file_ref idref="fl-f"/>
      </object_component>
      <object_component id="oc-379">
         <name>.text:App_Set_SSR_lock</name>
         <load_address>0x50f8</load_address>
         <run_address>0x50f8</run_address>
         <size>0x58</size>
         <input_file_ref idref="fl-f"/>
      </object_component>
      <object_component id="oc-842">
         <name>.text:cmd_pid_mode_all</name>
         <load_address>0x5150</load_address>
         <run_address>0x5150</run_address>
         <size>0x58</size>
         <input_file_ref idref="fl-c"/>
      </object_component>
      <object_component id="oc-4e5">
         <name>.text:MAX_V</name>
         <load_address>0x51a8</load_address>
         <run_address>0x51a8</run_address>
         <size>0x54</size>
         <input_file_ref idref="fl-a"/>
      </object_component>
      <object_component id="oc-4eb">
         <name>.text:MIN_V</name>
         <load_address>0x51fc</load_address>
         <run_address>0x51fc</run_address>
         <size>0x54</size>
         <input_file_ref idref="fl-a"/>
      </object_component>
      <object_component id="oc-2cd">
         <name>.text:App_Console_Init</name>
         <load_address>0x5250</load_address>
         <run_address>0x5250</run_address>
         <size>0x50</size>
         <input_file_ref idref="fl-c"/>
      </object_component>
      <object_component id="oc-7f4">
         <name>.text:App_Host_IF_build_Packet</name>
         <load_address>0x52a0</load_address>
         <run_address>0x52a0</run_address>
         <size>0x50</size>
         <input_file_ref idref="fl-e"/>
      </object_component>
      <object_component id="oc-836">
         <name>.text:cmd_set_sp</name>
         <load_address>0x52f0</load_address>
         <run_address>0x52f0</run_address>
         <size>0x4d</size>
         <input_file_ref idref="fl-c"/>
      </object_component>
      <object_component id="oc-863">
         <name>.text:Api_CheckSum_Encoding</name>
         <load_address>0x533e</load_address>
         <run_address>0x533e</run_address>
         <size>0x4c</size>
         <input_file_ref idref="fl-a"/>
      </object_component>
      <object_component id="oc-34f">
         <name>.text</name>
         <load_address>0x538a</load_address>
         <run_address>0x538a</run_address>
         <size>0x2</size>
         <input_file_ref idref="fl-ee"/>
      </object_component>
      <object_component id="oc-19e">
         <name>.text:Api_SWTimer_Tick_Update</name>
         <load_address>0x538c</load_address>
         <run_address>0x538c</run_address>
         <size>0x4c</size>
         <input_file_ref idref="fl-9"/>
      </object_component>
      <object_component id="oc-402">
         <name>.text:App_HI_Data_Clear</name>
         <load_address>0x53d8</load_address>
         <run_address>0x53d8</run_address>
         <size>0x4c</size>
         <input_file_ref idref="fl-e"/>
      </object_component>
      <object_component id="oc-3e2">
         <name>.text:Hal_Gpio_Periph_En</name>
         <load_address>0x5424</load_address>
         <run_address>0x5424</run_address>
         <size>0x4c</size>
         <input_file_ref idref="fl-15"/>
      </object_component>
      <object_component id="oc-ea">
         <name>.text:Hal_Uart_Data_Rcv</name>
         <load_address>0x5470</load_address>
         <run_address>0x5470</run_address>
         <size>0x4c</size>
         <input_file_ref idref="fl-19"/>
      </object_component>
      <object_component id="oc-6e8">
         <name>.text:PidInit</name>
         <load_address>0x54bc</load_address>
         <run_address>0x54bc</run_address>
         <size>0x4c</size>
         <input_file_ref idref="fl-8"/>
      </object_component>
      <object_component id="oc-874">
         <name>.text:atoi</name>
         <load_address>0x5508</load_address>
         <run_address>0x5508</run_address>
         <size>0x4c</size>
         <input_file_ref idref="fl-e6"/>
      </object_component>
      <object_component id="oc-63e">
         <name>.text:Api_CheckSum_Decoding</name>
         <load_address>0x5554</load_address>
         <run_address>0x5554</run_address>
         <size>0x48</size>
         <input_file_ref idref="fl-a"/>
      </object_component>
      <object_component id="oc-584">
         <name>.text:GPIOPinConfigure</name>
         <load_address>0x559c</load_address>
         <run_address>0x559c</run_address>
         <size>0x48</size>
         <input_file_ref idref="fl-f8"/>
      </object_component>
      <object_component id="oc-590">
         <name>.text:UARTConfigSetExpClk</name>
         <load_address>0x55e4</load_address>
         <run_address>0x55e4</run_address>
         <size>0x46</size>
         <input_file_ref idref="fl-ff"/>
      </object_component>
      <object_component id="oc-892">
         <name>.text:App_Set_Ctrl_Mode</name>
         <load_address>0x562c</load_address>
         <run_address>0x562c</run_address>
         <size>0x44</size>
         <input_file_ref idref="fl-f"/>
      </object_component>
      <object_component id="oc-679">
         <name>.text:Drv_Max31865_cs</name>
         <load_address>0x5670</load_address>
         <run_address>0x5670</run_address>
         <size>0x44</size>
         <input_file_ref idref="fl-11"/>
      </object_component>
      <object_component id="oc-67f">
         <name>.text:Drv_Max31865_din</name>
         <load_address>0x56b4</load_address>
         <run_address>0x56b4</run_address>
         <size>0x44</size>
         <input_file_ref idref="fl-11"/>
      </object_component>
      <object_component id="oc-685">
         <name>.text:Drv_Max31865_sclk</name>
         <load_address>0x56f8</load_address>
         <run_address>0x56f8</run_address>
         <size>0x44</size>
         <input_file_ref idref="fl-11"/>
      </object_component>
      <object_component id="oc-7dc">
         <name>.text:PidSetOutputLimits</name>
         <load_address>0x573c</load_address>
         <run_address>0x573c</run_address>
         <size>0x44</size>
         <input_file_ref idref="fl-8"/>
      </object_component>
      <object_component id="oc-21c">
         <name>.text:__TI_auto_init_nobinit_nopinit:__TI_auto_init_nobinit_nopinit</name>
         <load_address>0x5780</load_address>
         <run_address>0x5780</run_address>
         <size>0x44</size>
         <input_file_ref idref="fl-f0"/>
      </object_component>
      <object_component id="oc-672">
         <name>.text:Drv_Max31865_drdy</name>
         <load_address>0x57c4</load_address>
         <run_address>0x57c4</run_address>
         <size>0x40</size>
         <input_file_ref idref="fl-11"/>
      </object_component>
      <object_component id="oc-26c">
         <name>.text</name>
         <load_address>0x5804</load_address>
         <run_address>0x5804</run_address>
         <size>0x40</size>
         <input_file_ref idref="fl-e2"/>
      </object_component>
      <object_component id="oc-82a">
         <name>.text:Cmd_reset</name>
         <load_address>0x5844</load_address>
         <run_address>0x5844</run_address>
         <size>0x3e</size>
         <input_file_ref idref="fl-c"/>
      </object_component>
      <object_component id="oc-203">
         <name>.text:App_Init</name>
         <load_address>0x5882</load_address>
         <run_address>0x5882</run_address>
         <size>0x3c</size>
         <input_file_ref idref="fl-b"/>
      </object_component>
      <object_component id="oc-439">
         <name>.text:App_SWTimer_Comm_Proc</name>
         <load_address>0x58c0</load_address>
         <run_address>0x58c0</run_address>
         <size>0x3c</size>
         <input_file_ref idref="fl-b"/>
      </object_component>
      <object_component id="oc-89c">
         <name>.text:App_Set_Ctrl_Mode_All</name>
         <load_address>0x58fc</load_address>
         <run_address>0x58fc</run_address>
         <size>0x3c</size>
         <input_file_ref idref="fl-f"/>
      </object_component>
      <object_component id="oc-68b">
         <name>.text:Drv_Max31865_dout</name>
         <load_address>0x5938</load_address>
         <run_address>0x5938</run_address>
         <size>0x3c</size>
         <input_file_ref idref="fl-11"/>
      </object_component>
      <object_component id="oc-632">
         <name>.text:App_Host_IF_Timeout_Check</name>
         <load_address>0x5974</load_address>
         <run_address>0x5974</run_address>
         <size>0x38</size>
         <input_file_ref idref="fl-e"/>
      </object_component>
      <object_component id="oc-4fc">
         <name>.text:App_KValues_Init</name>
         <load_address>0x59ac</load_address>
         <run_address>0x59ac</run_address>
         <size>0x38</size>
         <input_file_ref idref="fl-f"/>
      </object_component>
      <object_component id="oc-620">
         <name>.text:App_SSR_PWM_Init</name>
         <load_address>0x59e4</load_address>
         <run_address>0x59e4</run_address>
         <size>0x38</size>
         <input_file_ref idref="fl-f"/>
      </object_component>
      <object_component id="oc-7fa">
         <name>.text:Hal_Uart_Send</name>
         <load_address>0x5a1c</load_address>
         <run_address>0x5a1c</run_address>
         <size>0x38</size>
         <input_file_ref idref="fl-19"/>
      </object_component>
      <object_component id="oc-385">
         <name>.text</name>
         <load_address>0x5a54</load_address>
         <run_address>0x5a54</run_address>
         <size>0x38</size>
         <input_file_ref idref="fl-df"/>
      </object_component>
      <object_component id="oc-479">
         <name>.text:Api_Console_Data_Clr</name>
         <load_address>0x5a8c</load_address>
         <run_address>0x5a8c</run_address>
         <size>0x34</size>
         <input_file_ref idref="fl-c"/>
      </object_component>
      <object_component id="oc-433">
         <name>.text:App_SWTimer_Temp_Reading</name>
         <load_address>0x5ac0</load_address>
         <run_address>0x5ac0</run_address>
         <size>0x34</size>
         <input_file_ref idref="fl-b"/>
      </object_component>
      <object_component id="oc-5e3">
         <name>.text:SysCtlFlashSectorSizeGet</name>
         <load_address>0x5af4</load_address>
         <run_address>0x5af4</run_address>
         <size>0x34</size>
         <input_file_ref idref="fl-fc"/>
      </object_component>
      <object_component id="oc-57e">
         <name>.text:SysCtlPeripheralEnable</name>
         <load_address>0x5b28</load_address>
         <run_address>0x5b28</run_address>
         <size>0x34</size>
         <input_file_ref idref="fl-fc"/>
      </object_component>
      <object_component id="oc-bc">
         <name>.text:_c_int00_noargs:_c_int00_noargs</name>
         <load_address>0x5b5c</load_address>
         <run_address>0x5b5c</run_address>
         <size>0x34</size>
         <input_file_ref idref="fl-ec"/>
      </object_component>
      <object_component id="oc-260">
         <name>.text:__error__</name>
         <load_address>0x5b90</load_address>
         <run_address>0x5b90</run_address>
         <size>0x31</size>
         <input_file_ref idref="fl-2"/>
      </object_component>
      <object_component id="oc-304">
         <name>.text:App_Host_IF_Proc</name>
         <load_address>0x5bc4</load_address>
         <run_address>0x5bc4</run_address>
         <size>0x30</size>
         <input_file_ref idref="fl-e"/>
      </object_component>
      <object_component id="oc-43f">
         <name>.text:App_SWTimer_Misc_Proc</name>
         <load_address>0x5bf4</load_address>
         <run_address>0x5bf4</run_address>
         <size>0x30</size>
         <input_file_ref idref="fl-b"/>
      </object_component>
      <object_component id="oc-d1">
         <name>.text:App_Heater_All_Off</name>
         <load_address>0x5c24</load_address>
         <run_address>0x5c24</run_address>
         <size>0x2e</size>
         <input_file_ref idref="fl-f"/>
      </object_component>
      <object_component id="oc-424">
         <name>.text:App_NV_Data_Save</name>
         <load_address>0x5c54</load_address>
         <run_address>0x5c54</run_address>
         <size>0x2c</size>
         <input_file_ref idref="fl-b"/>
      </object_component>
      <object_component id="oc-2f1">
         <name>.text:App_SWTimer_Proc_init</name>
         <load_address>0x5c80</load_address>
         <run_address>0x5c80</run_address>
         <size>0x2c</size>
         <input_file_ref idref="fl-b"/>
      </object_component>
      <object_component id="oc-446">
         <name>.text:App_Temp_Alarm_Init</name>
         <load_address>0x5cac</load_address>
         <run_address>0x5cac</run_address>
         <size>0x2c</size>
         <input_file_ref idref="fl-b"/>
      </object_component>
      <object_component id="oc-54">
         <name>.text:Hal_Timer1A_IntHandler</name>
         <load_address>0x5cd8</load_address>
         <run_address>0x5cd8</run_address>
         <size>0x2c</size>
         <input_file_ref idref="fl-18"/>
      </object_component>
      <object_component id="oc-5a">
         <name>.text:Hal_Timer2A_IntHandler</name>
         <load_address>0x5d04</load_address>
         <run_address>0x5d04</run_address>
         <size>0x2c</size>
         <input_file_ref idref="fl-18"/>
      </object_component>
      <object_component id="oc-66">
         <name>.text:Hal_Timer3A_IntHandler</name>
         <load_address>0x5d30</load_address>
         <run_address>0x5d30</run_address>
         <size>0x2c</size>
         <input_file_ref idref="fl-18"/>
      </object_component>
      <object_component id="oc-8a">
         <name>.text:Hal_Timer4A_IntHandler</name>
         <load_address>0x5d5c</load_address>
         <run_address>0x5d5c</run_address>
         <size>0x2c</size>
         <input_file_ref idref="fl-18"/>
      </object_component>
      <object_component id="oc-710">
         <name>.text:GPIODirModeSet</name>
         <load_address>0x5d88</load_address>
         <run_address>0x5d88</run_address>
         <size>0x2a</size>
         <input_file_ref idref="fl-f8"/>
      </object_component>
      <object_component id="oc-84e">
         <name>.text:cmd_host_if_echo_set</name>
         <load_address>0x5db2</load_address>
         <run_address>0x5db2</run_address>
         <size>0x2a</size>
         <input_file_ref idref="fl-c"/>
      </object_component>
      <object_component id="oc-78c">
         <name>.text:App_Host_IF_Timeout_Update</name>
         <load_address>0x5ddc</load_address>
         <run_address>0x5ddc</run_address>
         <size>0x28</size>
         <input_file_ref idref="fl-e"/>
      </object_component>
      <object_component id="oc-8a3">
         <name>.text:App_Set_Data_Display_Flag</name>
         <load_address>0x5e04</load_address>
         <run_address>0x5e04</run_address>
         <size>0x28</size>
         <input_file_ref idref="fl-f"/>
      </object_component>
      <object_component id="oc-1fd">
         <name>.text:Hal_Core_Init</name>
         <load_address>0x5e2c</load_address>
         <run_address>0x5e2c</run_address>
         <size>0x24</size>
         <input_file_ref idref="fl-2"/>
      </object_component>
      <object_component id="oc-4bc">
         <name>.text:Hal_Delay_us</name>
         <load_address>0x5e50</load_address>
         <run_address>0x5e50</run_address>
         <size>0x24</size>
         <input_file_ref idref="fl-12"/>
      </object_component>
      <object_component id="oc-596">
         <name>.text:IntPrioritySet</name>
         <load_address>0x5e74</load_address>
         <run_address>0x5e74</run_address>
         <size>0x24</size>
         <input_file_ref idref="fl-fa"/>
      </object_component>
      <object_component id="oc-185">
         <name>.text:UARTprintf</name>
         <load_address>0x5e98</load_address>
         <run_address>0x5e98</run_address>
         <size>0x24</size>
         <input_file_ref idref="fl-1a"/>
      </object_component>
      <object_component id="oc-1e0">
         <name>.text:App_Temp_Ctrl_Proc</name>
         <load_address>0x5ebc</load_address>
         <run_address>0x5ebc</run_address>
         <size>0x22</size>
         <input_file_ref idref="fl-b"/>
      </object_component>
      <object_component id="oc-71d">
         <name>.text:UARTDisable</name>
         <load_address>0x5ee0</load_address>
         <run_address>0x5ee0</run_address>
         <size>0x20</size>
         <input_file_ref idref="fl-ff"/>
      </object_component>
      <object_component id="oc-4ce">
         <name>.text</name>
         <load_address>0x5f00</load_address>
         <run_address>0x5f00</run_address>
         <size>0x20</size>
         <input_file_ref idref="fl-e1"/>
      </object_component>
      <object_component id="oc-30">
         <name>.text:FaultISR</name>
         <load_address>0x5f20</load_address>
         <run_address>0x5f20</run_address>
         <size>0x1c</size>
         <input_file_ref idref="fl-3"/>
      </object_component>
      <object_component id="oc-2df">
         <name>.text:Hal_Systick_Init</name>
         <load_address>0x5f3c</load_address>
         <run_address>0x5f3c</run_address>
         <size>0x1c</size>
         <input_file_ref idref="fl-18"/>
      </object_component>
      <object_component id="oc-36">
         <name>.text:IntDefaultHandler</name>
         <load_address>0x5f58</load_address>
         <run_address>0x5f58</run_address>
         <size>0x1c</size>
         <input_file_ref idref="fl-3"/>
      </object_component>
      <object_component id="oc-2a">
         <name>.text:NmiSR</name>
         <load_address>0x5f74</load_address>
         <run_address>0x5f74</run_address>
         <size>0x1c</size>
         <input_file_ref idref="fl-3"/>
      </object_component>
      <object_component id="oc-aa">
         <name>.text:decompress:ZI:__TI_zero_init_nomemset:__TI_zero_init_nomemset</name>
         <load_address>0x5f90</load_address>
         <run_address>0x5f90</run_address>
         <size>0x1c</size>
         <input_file_ref idref="fl-e3"/>
      </object_component>
      <object_component id="oc-883">
         <name>.text:Api_Delay_ms</name>
         <load_address>0x5fac</load_address>
         <run_address>0x5fac</run_address>
         <size>0x1a</size>
         <input_file_ref idref="fl-9"/>
      </object_component>
      <object_component id="oc-8aa">
         <name>.text:App_HI_Data_Echo</name>
         <load_address>0x5fc8</load_address>
         <run_address>0x5fc8</run_address>
         <size>0x18</size>
         <input_file_ref idref="fl-e"/>
      </object_component>
      <object_component id="oc-794">
         <name>.text:App_Host_Comm_Seq_Set</name>
         <load_address>0x5fe0</load_address>
         <run_address>0x5fe0</run_address>
         <size>0x18</size>
         <input_file_ref idref="fl-e"/>
      </object_component>
      <object_component id="oc-79a">
         <name>.text:App_Set_SSR_En</name>
         <load_address>0x5ff8</load_address>
         <run_address>0x5ff8</run_address>
         <size>0x18</size>
         <input_file_ref idref="fl-f"/>
      </object_component>
      <object_component id="oc-564">
         <name>.text:Drv_Max31865_Init_Config</name>
         <load_address>0x6010</load_address>
         <run_address>0x6010</run_address>
         <size>0x18</size>
         <input_file_ref idref="fl-11"/>
      </object_component>
      <object_component id="oc-5c3">
         <name>.text:GPIOPinTypeGPIOOutput</name>
         <load_address>0x6028</load_address>
         <run_address>0x6028</run_address>
         <size>0x18</size>
         <input_file_ref idref="fl-f8"/>
      </object_component>
      <object_component id="oc-4e">
         <name>.text:Hal_Timer0A_IntHandler</name>
         <load_address>0x6040</load_address>
         <run_address>0x6040</run_address>
         <size>0x18</size>
         <input_file_ref idref="fl-18"/>
      </object_component>
      <object_component id="oc-467">
         <name>.text:Hal_Uart_Rcv_Len</name>
         <load_address>0x6058</load_address>
         <run_address>0x6058</run_address>
         <size>0x18</size>
         <input_file_ref idref="fl-19"/>
      </object_component>
      <object_component id="oc-107">
         <name>.text:TimerDisable</name>
         <load_address>0x6070</load_address>
         <run_address>0x6070</run_address>
         <size>0x18</size>
         <input_file_ref idref="fl-fe"/>
      </object_component>
      <object_component id="oc-7ac">
         <name>.text:strcmp</name>
         <load_address>0x6088</load_address>
         <run_address>0x6088</run_address>
         <size>0x18</size>
         <input_file_ref idref="fl-e8"/>
      </object_component>
      <object_component id="oc-87c">
         <name>.text:App_System_status_show</name>
         <load_address>0x60a0</load_address>
         <run_address>0x60a0</run_address>
         <size>0x17</size>
         <input_file_ref idref="fl-b"/>
      </object_component>
      <object_component id="oc-4c2">
         <name>.text:Drv_Max31865_Ready</name>
         <load_address>0x60b8</load_address>
         <run_address>0x60b8</run_address>
         <size>0x16</size>
         <input_file_ref idref="fl-11"/>
      </object_component>
      <object_component id="oc-e3">
         <name>.text:Api_Systick_Update</name>
         <load_address>0x60d0</load_address>
         <run_address>0x60d0</run_address>
         <size>0x14</size>
         <input_file_ref idref="fl-9"/>
      </object_component>
      <object_component id="oc-418">
         <name>.text:FlashPBGet</name>
         <load_address>0x60e4</load_address>
         <run_address>0x60e4</run_address>
         <size>0x14</size>
         <input_file_ref idref="fl-14"/>
      </object_component>
      <object_component id="oc-3f5">
         <name>.text:SysTickEnable</name>
         <load_address>0x60f8</load_address>
         <run_address>0x60f8</run_address>
         <size>0x14</size>
         <input_file_ref idref="fl-fd"/>
      </object_component>
      <object_component id="oc-3fb">
         <name>.text:SysTickIntEnable</name>
         <load_address>0x610c</load_address>
         <run_address>0x610c</run_address>
         <size>0x14</size>
         <input_file_ref idref="fl-fd"/>
      </object_component>
      <object_component id="oc-723">
         <name>.text:UARTEnable</name>
         <load_address>0x6120</load_address>
         <run_address>0x6120</run_address>
         <size>0x14</size>
         <input_file_ref idref="fl-ff"/>
      </object_component>
      <object_component id="oc-2d3">
         <name>.text:App_System_Info</name>
         <load_address>0x6134</load_address>
         <run_address>0x6134</run_address>
         <size>0x13</size>
         <input_file_ref idref="fl-b"/>
      </object_component>
      <object_component id="oc-5bd">
         <name>.text:GPIOPinTypeGPIOInput</name>
         <load_address>0x6148</load_address>
         <run_address>0x6148</run_address>
         <size>0x12</size>
         <input_file_ref idref="fl-f8"/>
      </object_component>
      <object_component id="oc-58a">
         <name>.text:GPIOPinTypeUART</name>
         <load_address>0x615a</load_address>
         <run_address>0x615a</run_address>
         <size>0x12</size>
         <input_file_ref idref="fl-f8"/>
      </object_component>
      <object_component id="oc-42">
         <name>.text:Hal_Uart0_Int_Handler</name>
         <load_address>0x616c</load_address>
         <run_address>0x616c</run_address>
         <size>0x12</size>
         <input_file_ref idref="fl-19"/>
      </object_component>
      <object_component id="oc-48">
         <name>.text:Hal_Uart1_Int_Handler</name>
         <load_address>0x617e</load_address>
         <run_address>0x617e</run_address>
         <size>0x12</size>
         <input_file_ref idref="fl-19"/>
      </object_component>
      <object_component id="oc-60">
         <name>.text:Hal_Uart2_Int_Handler</name>
         <load_address>0x6190</load_address>
         <run_address>0x6190</run_address>
         <size>0x12</size>
         <input_file_ref idref="fl-19"/>
      </object_component>
      <object_component id="oc-6c">
         <name>.text:Hal_Uart3_Int_Handler</name>
         <load_address>0x61a2</load_address>
         <run_address>0x61a2</run_address>
         <size>0x12</size>
         <input_file_ref idref="fl-19"/>
      </object_component>
      <object_component id="oc-72">
         <name>.text:Hal_Uart4_Int_Handler</name>
         <load_address>0x61b4</load_address>
         <run_address>0x61b4</run_address>
         <size>0x12</size>
         <input_file_ref idref="fl-19"/>
      </object_component>
      <object_component id="oc-78">
         <name>.text:Hal_Uart5_Int_Handler</name>
         <load_address>0x61c6</load_address>
         <run_address>0x61c6</run_address>
         <size>0x12</size>
         <input_file_ref idref="fl-19"/>
      </object_component>
      <object_component id="oc-7e">
         <name>.text:Hal_Uart6_Int_Handler</name>
         <load_address>0x61d8</load_address>
         <run_address>0x61d8</run_address>
         <size>0x12</size>
         <input_file_ref idref="fl-19"/>
      </object_component>
      <object_component id="oc-84">
         <name>.text:Hal_Uart7_Int_Handler</name>
         <load_address>0x61ea</load_address>
         <run_address>0x61ea</run_address>
         <size>0x12</size>
         <input_file_ref idref="fl-19"/>
      </object_component>
      <object_component id="oc-76f">
         <name>.text:TimerLoadSet</name>
         <load_address>0x61fc</load_address>
         <run_address>0x61fc</run_address>
         <size>0x12</size>
         <input_file_ref idref="fl-fe"/>
      </object_component>
      <object_component id="oc-2f7">
         <name>.text:App_Init_Temp_Ctrl</name>
         <load_address>0x620e</load_address>
         <run_address>0x620e</run_address>
         <size>0x10</size>
         <input_file_ref idref="fl-b"/>
      </object_component>
      <object_component id="oc-209">
         <name>.text:App_System</name>
         <load_address>0x621e</load_address>
         <run_address>0x621e</run_address>
         <size>0x10</size>
         <input_file_ref idref="fl-b"/>
      </object_component>
      <object_component id="oc-452">
         <name>.text:App_Timer_Init_SSR_Ctrl</name>
         <load_address>0x622e</load_address>
         <run_address>0x622e</run_address>
         <size>0x10</size>
         <input_file_ref idref="fl-b"/>
      </object_component>
      <object_component id="oc-2bf">
         <name>.text:FPULazyStackingEnable</name>
         <load_address>0x6240</load_address>
         <run_address>0x6240</run_address>
         <size>0x10</size>
         <input_file_ref idref="fl-f7"/>
      </object_component>
      <object_component id="oc-2c5">
         <name>.text:IntMasterEnable</name>
         <load_address>0x6250</load_address>
         <run_address>0x6250</run_address>
         <size>0x10</size>
         <input_file_ref idref="fl-fa"/>
      </object_component>
      <object_component id="oc-889">
         <name>.text:SysCtlReset</name>
         <load_address>0x6260</load_address>
         <run_address>0x6260</run_address>
         <size>0x10</size>
         <input_file_ref idref="fl-fc"/>
      </object_component>
      <object_component id="oc-3ef">
         <name>.text:SysTickPeriodSet</name>
         <load_address>0x6270</load_address>
         <run_address>0x6270</run_address>
         <size>0x10</size>
         <input_file_ref idref="fl-fd"/>
      </object_component>
      <object_component id="oc-16c">
         <name>.text:main</name>
         <load_address>0x6280</load_address>
         <run_address>0x6280</run_address>
         <size>0x10</size>
         <input_file_ref idref="fl-2"/>
      </object_component>
      <object_component id="oc-608">
         <name>.text:App_Host_IF_Send_Boot_Msg</name>
         <load_address>0x6290</load_address>
         <run_address>0x6290</run_address>
         <size>0xe</size>
         <input_file_ref idref="fl-e"/>
      </object_component>
      <object_component id="oc-81e">
         <name>.text:Cmd_info</name>
         <load_address>0x629e</load_address>
         <run_address>0x629e</run_address>
         <size>0xe</size>
         <input_file_ref idref="fl-c"/>
      </object_component>
      <object_component id="oc-824">
         <name>.text:Cmd_show</name>
         <load_address>0x62ac</load_address>
         <run_address>0x62ac</run_address>
         <size>0xe</size>
         <input_file_ref idref="fl-c"/>
      </object_component>
      <object_component id="oc-113">
         <name>.text:TimerEnable</name>
         <load_address>0x62ba</load_address>
         <run_address>0x62ba</run_address>
         <size>0xe</size>
         <input_file_ref idref="fl-fe"/>
      </object_component>
      <object_component id="oc-28b">
         <name>.text:UARTCharGetNonBlocking</name>
         <load_address>0x62c8</load_address>
         <run_address>0x62c8</run_address>
         <size>0xe</size>
         <input_file_ref idref="fl-ff"/>
      </object_component>
      <object_component id="oc-1ba">
         <name>.text:UARTCharsAvail</name>
         <load_address>0x62d6</load_address>
         <run_address>0x62d6</run_address>
         <size>0xe</size>
         <input_file_ref idref="fl-ff"/>
      </object_component>
      <object_component id="oc-18">
         <name>.text:decompress:none:__TI_decompress_none</name>
         <load_address>0x62e4</load_address>
         <run_address>0x62e4</run_address>
         <size>0xe</size>
         <input_file_ref idref="fl-e4"/>
      </object_component>
      <object_component id="oc-394">
         <name>.text:Api_Systick_Get</name>
         <load_address>0x62f4</load_address>
         <run_address>0x62f4</run_address>
         <size>0xc</size>
         <input_file_ref idref="fl-9"/>
      </object_component>
      <object_component id="oc-60e">
         <name>.text:App_Host_Comm_Seq_Get</name>
         <load_address>0x6300</load_address>
         <run_address>0x6300</run_address>
         <size>0xc</size>
         <input_file_ref idref="fl-e"/>
      </object_component>
      <object_component id="oc-2fe">
         <name>.text:App_SWTimer_Proc</name>
         <load_address>0x630c</load_address>
         <run_address>0x630c</run_address>
         <size>0xc</size>
         <input_file_ref idref="fl-b"/>
      </object_component>
      <object_component id="oc-3c4">
         <name>.text:CPUcpsie</name>
         <load_address>0x6318</load_address>
         <run_address>0x6318</run_address>
         <size>0xc</size>
         <input_file_ref idref="fl-100"/>
      </object_component>
      <object_component id="oc-2d9">
         <name>.text:Hal_Gpio_Init</name>
         <load_address>0x6324</load_address>
         <run_address>0x6324</run_address>
         <size>0xc</size>
         <input_file_ref idref="fl-15"/>
      </object_component>
      <object_component id="oc-86a">
         <name>.text:UARTCharPut</name>
         <load_address>0x6330</load_address>
         <run_address>0x6330</run_address>
         <size>0xa</size>
         <input_file_ref idref="fl-ff"/>
      </object_component>
      <object_component id="oc-1a8">
         <name>.text:UARTIntStatus</name>
         <load_address>0x633a</load_address>
         <run_address>0x633a</run_address>
         <size>0xa</size>
         <input_file_ref idref="fl-ff"/>
      </object_component>
      <object_component id="oc-fd">
         <name>.text:App_Timer0A_IntHandler</name>
         <load_address>0x6344</load_address>
         <run_address>0x6344</run_address>
         <size>0x8</size>
         <input_file_ref idref="fl-b"/>
      </object_component>
      <object_component id="oc-10d">
         <name>.text:App_Timer1A_IntHandler</name>
         <load_address>0x634c</load_address>
         <run_address>0x634c</run_address>
         <size>0x8</size>
         <input_file_ref idref="fl-b"/>
      </object_component>
      <object_component id="oc-3c">
         <name>.text:Hal_Systick_IntHandler</name>
         <load_address>0x6354</load_address>
         <run_address>0x6354</run_address>
         <size>0x8</size>
         <input_file_ref idref="fl-2"/>
      </object_component>
      <object_component id="oc-77b">
         <name>.text:TimerIntEnable</name>
         <load_address>0x635c</load_address>
         <run_address>0x635c</run_address>
         <size>0x8</size>
         <input_file_ref idref="fl-fe"/>
      </object_component>
      <object_component id="oc-5a2">
         <name>.text:UARTIntEnable</name>
         <load_address>0x6364</load_address>
         <run_address>0x6364</run_address>
         <size>0x8</size>
         <input_file_ref idref="fl-ff"/>
      </object_component>
      <object_component id="oc-858">
         <name>.text:GPIOPinRead</name>
         <load_address>0x636c</load_address>
         <run_address>0x636c</run_address>
         <size>0x6</size>
         <input_file_ref idref="fl-f8"/>
      </object_component>
      <object_component id="oc-331">
         <name>.text:GPIOPinWrite</name>
         <load_address>0x6372</load_address>
         <run_address>0x6372</run_address>
         <size>0x6</size>
         <input_file_ref idref="fl-f8"/>
      </object_component>
      <object_component id="oc-24">
         <name>.text:ResetISR</name>
         <load_address>0x6378</load_address>
         <run_address>0x6378</run_address>
         <size>0x6</size>
         <input_file_ref idref="fl-3"/>
      </object_component>
      <object_component id="oc-3bc">
         <name>.text:SysCtlDelay</name>
         <load_address>0x637e</load_address>
         <run_address>0x637e</run_address>
         <size>0x6</size>
         <input_file_ref idref="fl-fc"/>
      </object_component>
      <object_component id="oc-f7">
         <name>.text:TimerIntClear</name>
         <load_address>0x6384</load_address>
         <run_address>0x6384</run_address>
         <size>0x4</size>
         <input_file_ref idref="fl-fe"/>
      </object_component>
      <object_component id="oc-1ae">
         <name>.text:UARTIntClear</name>
         <load_address>0x6388</load_address>
         <run_address>0x6388</run_address>
         <size>0x4</size>
         <input_file_ref idref="fl-ff"/>
      </object_component>
      <object_component id="oc-166">
         <name>.text:_system_pre_init</name>
         <load_address>0x638c</load_address>
         <run_address>0x638c</run_address>
         <size>0x4</size>
         <input_file_ref idref="fl-f1"/>
      </object_component>
      <object_component id="oc-210">
         <name>.text:abort:abort</name>
         <load_address>0x6390</load_address>
         <run_address>0x6390</run_address>
         <size>0x4</size>
         <input_file_ref idref="fl-f3"/>
      </object_component>
      <object_component id="oc-277">
         <name>.const:.string</name>
         <load_address>0x6394</load_address>
         <run_address>0x6394</run_address>
         <size>0x23c</size>
         <input_file_ref idref="fl-c"/>
      </object_component>
      <object_component id="oc-8b4">
         <name>.const:.string:_ctypes_</name>
         <load_address>0x65d0</load_address>
         <run_address>0x65d0</run_address>
         <size>0x101</size>
         <input_file_ref idref="fl-e7"/>
      </object_component>
      <object_component id="oc-4a6">
         <name>.const:.string</name>
         <load_address>0x66d4</load_address>
         <run_address>0x66d4</run_address>
         <size>0xf9</size>
         <input_file_ref idref="fl-d"/>
      </object_component>
      <object_component id="oc-338">
         <name>.const:gpo_lists</name>
         <load_address>0x67d0</load_address>
         <run_address>0x67d0</run_address>
         <size>0xf0</size>
         <input_file_ref idref="fl-d"/>
      </object_component>
      <object_component id="oc-72a">
         <name>.const:g_pui32Regs</name>
         <load_address>0x68c0</load_address>
         <run_address>0x68c0</run_address>
         <size>0x9c</size>
         <input_file_ref idref="fl-fa"/>
      </object_component>
      <object_component id="oc-70c">
         <name>.const:g_pui32GPIOBaseAddrs</name>
         <load_address>0x695c</load_address>
         <run_address>0x695c</run_address>
         <size>0x90</size>
         <input_file_ref idref="fl-f8"/>
      </object_component>
      <object_component id="oc-72f">
         <name>.const</name>
         <load_address>0x69ec</load_address>
         <run_address>0x69ec</run_address>
         <size>0x70</size>
         <input_file_ref idref="fl-fa"/>
      </object_component>
      <object_component id="oc-3bf">
         <name>.const:g_pui32Xtals</name>
         <load_address>0x6a5c</load_address>
         <run_address>0x6a5c</run_address>
         <size>0x6c</size>
         <input_file_ref idref="fl-fc"/>
      </object_component>
      <object_component id="oc-5c9">
         <name>.const:gpi_lists</name>
         <load_address>0x6ac8</load_address>
         <run_address>0x6ac8</run_address>
         <size>0x60</size>
         <input_file_ref idref="fl-d"/>
      </object_component>
      <object_component id="oc-56f">
         <name>.const:.string</name>
         <load_address>0x6b28</load_address>
         <run_address>0x6b28</run_address>
         <size>0x34</size>
         <input_file_ref idref="fl-f"/>
      </object_component>
      <object_component id="oc-1c0">
         <name>.const:hal_uart_base</name>
         <load_address>0x6b5c</load_address>
         <run_address>0x6b5c</run_address>
         <size>0x20</size>
         <input_file_ref idref="fl-19"/>
      </object_component>
      <object_component id="oc-5ae">
         <name>.const:hal_uart_int_assign</name>
         <load_address>0x6b7c</load_address>
         <run_address>0x6b7c</run_address>
         <size>0x20</size>
         <input_file_ref idref="fl-19"/>
      </object_component>
      <object_component id="oc-5a8">
         <name>.const:hal_uart_port</name>
         <load_address>0x6b9c</load_address>
         <run_address>0x6b9c</run_address>
         <size>0x20</size>
         <input_file_ref idref="fl-19"/>
      </object_component>
      <object_component id="oc-5ab">
         <name>.const:hal_uart_sysctl</name>
         <load_address>0x6bbc</load_address>
         <run_address>0x6bbc</run_address>
         <size>0x20</size>
         <input_file_ref idref="fl-19"/>
      </object_component>
      <object_component id="oc-64d">
         <name>.const:.string:$P$T1$2</name>
         <load_address>0x6bdc</load_address>
         <run_address>0x6bdc</run_address>
         <size>0x1a</size>
         <input_file_ref idref="fl-e"/>
      </object_component>
      <object_component id="oc-606">
         <name>.const:.string:$P$T0$1</name>
         <load_address>0x6bf6</load_address>
         <run_address>0x6bf6</run_address>
         <size>0x19</size>
         <input_file_ref idref="fl-b"/>
      </object_component>
      <object_component id="oc-5b5">
         <name>.const:g_ui32UARTBase</name>
         <load_address>0x6c10</load_address>
         <run_address>0x6c10</run_address>
         <size>0x18</size>
         <input_file_ref idref="fl-1a"/>
      </object_component>
      <object_component id="oc-5b2">
         <name>.const:g_ui32UARTPeriph</name>
         <load_address>0x6c28</load_address>
         <run_address>0x6c28</run_address>
         <size>0x18</size>
         <input_file_ref idref="fl-1a"/>
      </object_component>
      <object_component id="oc-784">
         <name>.const:hal_timer_assign</name>
         <load_address>0x6c40</load_address>
         <run_address>0x6c40</run_address>
         <size>0x18</size>
         <input_file_ref idref="fl-18"/>
      </object_component>
      <object_component id="oc-103">
         <name>.const:hal_timer_base</name>
         <load_address>0x6c58</load_address>
         <run_address>0x6c58</run_address>
         <size>0x18</size>
         <input_file_ref idref="fl-18"/>
      </object_component>
      <object_component id="oc-781">
         <name>.const:hal_timer_sysctl</name>
         <load_address>0x6c70</load_address>
         <run_address>0x6c70</run_address>
         <size>0x18</size>
         <input_file_ref idref="fl-18"/>
      </object_component>
      <object_component id="oc-7a6">
         <name>.const:.string:$P$T0$1</name>
         <load_address>0x6c88</load_address>
         <run_address>0x6c88</run_address>
         <size>0x17</size>
         <input_file_ref idref="fl-e"/>
      </object_component>
      <object_component id="oc-614">
         <name>.const:.string:$P$T1$2</name>
         <load_address>0x6c9f</load_address>
         <run_address>0x6c9f</run_address>
         <size>0x16</size>
         <input_file_ref idref="fl-b"/>
      </object_component>
      <object_component id="oc-61c">
         <name>.const:.string:$P$T2$3</name>
         <load_address>0x6cb5</load_address>
         <run_address>0x6cb5</run_address>
         <size>0x16</size>
         <input_file_ref idref="fl-b"/>
      </object_component>
      <object_component id="oc-e1">
         <name>.const:.string:$P$T2$3</name>
         <load_address>0x6ccb</load_address>
         <run_address>0x6ccb</run_address>
         <size>0x12</size>
         <input_file_ref idref="fl-3"/>
      </object_component>
      <object_component id="oc-355">
         <name>.const:.string</name>
         <load_address>0x6ce0</load_address>
         <run_address>0x6ce0</run_address>
         <size>0x12</size>
         <input_file_ref idref="fl-1a"/>
      </object_component>
      <object_component id="oc-547">
         <name>.const:.string:$P$T0$1</name>
         <load_address>0x6cf2</load_address>
         <run_address>0x6cf2</run_address>
         <size>0xf</size>
         <input_file_ref idref="fl-f"/>
      </object_component>
      <object_component id="oc-337">
         <name>.const:.string:$P$T0$1</name>
         <load_address>0x6d01</load_address>
         <run_address>0x6d01</run_address>
         <size>0xe</size>
         <input_file_ref idref="fl-15"/>
      </object_component>
      <object_component id="oc-85e">
         <name>.const:.string:$P$T1$2</name>
         <load_address>0x6d0f</load_address>
         <run_address>0x6d0f</run_address>
         <size>0xd</size>
         <input_file_ref idref="fl-15"/>
      </object_component>
      <object_component id="oc-5e0">
         <name>.const:.string</name>
         <load_address>0x6d1c</load_address>
         <run_address>0x6d1c</run_address>
         <size>0xa</size>
         <input_file_ref idref="fl-e"/>
      </object_component>
      <object_component id="oc-6c4">
         <name>.const:.string:$P$T0$1</name>
         <load_address>0x6d26</load_address>
         <run_address>0x6d26</run_address>
[...]
      </symbol>
      <symbol id="sm-9ea">
         <name>Drv_Max31865_Ready</name>
         <value>0x60b9</value>
         <object_component_ref idref="oc-4c2"/>
      </symbol>
      <symbol id="sm-9eb">
         <name>Drv_Max31865_Reg_Read</name>
         <value>0x3179</value>
         <object_component_ref idref="oc-4c8"/>
      </symbol>
      <symbol id="sm-9ec">
         <name>Drv_Max31865_Init_Config</name>
         <value>0x6011</value>
         <object_component_ref idref="oc-564"/>
      </symbol>
      <symbol id="sm-9ed">
         <name>Drv_Max31865_sclk</name>
         <value>0x56f9</value>
         <object_component_ref idref="oc-685"/>
      </symbol>
      <symbol id="sm-9ee">
         <name>Drv_MAX31865_GPIO_Pin_Init</name>
         <value>0x4c97</value>
         <object_component_ref idref="oc-55e"/>
      </symbol>
      <symbol id="sm-9ef">
         <name>Drv_Max31865_drdy</name>
         <value>0x57c5</value>
         <object_component_ref idref="oc-672"/>
      </symbol>
      <symbol id="sm-9f0">
         <name>Drv_Max31865_Temp_Read</name>
         <value>0x3c01</value>
         <object_component_ref idref="oc-373"/>
      </symbol>
      <symbol id="sm-9f1">
         <name>Drv_Max31865_din</name>
         <value>0x56b5</value>
         <object_component_ref idref="oc-67f"/>
      </symbol>
      <symbol id="sm-9f2">
         <name>Drv_Max31865_Reg_Write</name>
         <value>0x2e41</value>
         <object_component_ref idref="oc-704"/>
      </symbol>
      <symbol id="sm-9f3">
         <name>Drv_Max31865_cs</name>
         <value>0x5671</value>
         <object_component_ref idref="oc-679"/>
      </symbol>
      <symbol id="sm-9f4">
         <name>Drv_Max31865_dout</name>
         <value>0x5939</value>
         <object_component_ref idref="oc-68b"/>
      </symbol>
      <symbol id="sm-a00">
         <name>Hal_Delay_us</name>
         <value>0x5e51</value>
         <object_component_ref idref="oc-4bc"/>
      </symbol>
      <symbol id="sm-a64">
         <name>FlashPBInit</name>
         <value>0x2c01</value>
         <object_component_ref idref="oc-412"/>
      </symbol>
      <symbol id="sm-a65">
         <name>FlashPBGet</name>
         <value>0x60e5</value>
         <object_component_ref idref="oc-418"/>
      </symbol>
      <symbol id="sm-a66">
         <name>FlashPBSave</name>
         <value>0x2301</value>
         <object_component_ref idref="oc-5f6"/>
      </symbol>
      <symbol id="sm-aca">
         <name>Hal_Gpio_Periph_En</name>
         <value>0x5425</value>
         <object_component_ref idref="oc-3e2"/>
      </symbol>
      <symbol id="sm-acb">
         <name>Hal_Gpio_Pin_init</name>
         <value>0x2d21</value>
         <object_component_ref idref="oc-3e8"/>
      </symbol>
      <symbol id="sm-acc">
         <name>Hal_Gpi_Read</name>
         <value>0x4e49</value>
         <object_component_ref idref="oc-7bf"/>
      </symbol>
      <symbol id="sm-acd">
         <name>Hal_Gpo_Write</name>
         <value>0x42fd</value>
         <object_component_ref idref="oc-24e"/>
      </symbol>
      <symbol id="sm-ace">
         <name>Hal_Gpio_Init</name>
         <value>0x6325</value>
         <object_component_ref idref="oc-2d9"/>
      </symbol>
      <symbol id="sm-b48">
         <name>Hal_Timer2A_IntHandler</name>
         <value>0x5d05</value>
         <object_component_ref idref="oc-5a"/>
      </symbol>
      <symbol id="sm-b49">
         <name>Hal_Timer0A_IntHandler</name>
         <value>0x6041</value>
         <object_component_ref idref="oc-4e"/>
      </symbol>
      <symbol id="sm-b4a">
         <name>App_Timer3A_IntHandler</name>
         <value>0x3283</value>
         <object_component_ref idref="oc-122"/>
      </symbol>
      <symbol id="sm-b4b">
         <name>App_Timer4A_IntHandler</name>
         <value>0x4abf</value>
         <object_component_ref idref="oc-12e"/>
      </symbol>
      <symbol id="sm-b4c">
         <name>Hal_Timer4A_IntHandler</name>
         <value>0x5d5d</value>
         <object_component_ref idref="oc-8a"/>
      </symbol>
      <symbol id="sm-b4d">
         <name>Hal_Timer3A_IntHandler</name>
         <value>0x5d31</value>
         <object_component_ref idref="oc-66"/>
      </symbol>
      <symbol id="sm-b4e">
         <name>Hal_Timer_Init</name>
         <value>0x41d9</value>
         <object_component_ref idref="oc-62a"/>
      </symbol>
      <symbol id="sm-b4f">
         <name>App_Timer2A_IntHandler</name>
         <value>0x2f57</value>
         <object_component_ref idref="oc-11a"/>
      </symbol>
      <symbol id="sm-b50">
         <name>Hal_Systick_Init</name>
         <value>0x5f3d</value>
         <object_component_ref idref="oc-2df"/>
      </symbol>
      <symbol id="sm-b51">
         <name>Hal_Timer1A_IntHandler</name>
         <value>0x5cd9</value>
         <object_component_ref idref="oc-54"/>
      </symbol>
      <symbol id="sm-c3b">
         <name>Hal_Uart4_Int_Handler</name>
         <value>0x61b5</value>
         <object_component_ref idref="oc-72"/>
      </symbol>
      <symbol id="sm-c3c">
         <name>Hal_Uart_Data_Fill</name>
         <value>0x47c9</value>
         <object_component_ref idref="oc-1b4"/>
      </symbol>
      <symbol id="sm-c3d">
         <name>Hal_Uart_Init</name>
         <value>0x19e5</value>
         <object_component_ref idref="oc-3cb"/>
      </symbol>
      <symbol id="sm-c3e">
         <name>Hal_Uart6_Int_Handler</name>
         <value>0x61d9</value>
         <object_component_ref idref="oc-7e"/>
      </symbol>
      <symbol id="sm-c3f">
         <name>Hal_Uart1_Int_Handler</name>
         <value>0x617f</value>
         <object_component_ref idref="oc-48"/>
      </symbol>
      <symbol id="sm-c40">
         <name>Hal_Uart3_Int_Handler</name>
         <value>0x61a3</value>
         <object_component_ref idref="oc-6c"/>
      </symbol>
      <symbol id="sm-c41">
         <name>Hal_Uart_Send</name>
         <value>0x5a1d</value>
         <object_component_ref idref="oc-7fa"/>
      </symbol>
      <symbol id="sm-c42">
         <name>Hal_Uart_Rcv_Len</name>
         <value>0x6059</value>
         <object_component_ref idref="oc-467"/>
      </symbol>
      <symbol id="sm-c43">
         <name>Hal_Uart5_Int_Handler</name>
         <value>0x61c7</value>
         <object_component_ref idref="oc-78"/>
      </symbol>
      <symbol id="sm-c44">
         <name>Hal_Uart0_Int_Handler</name>
         <value>0x616d</value>
         <object_component_ref idref="oc-42"/>
      </symbol>
      <symbol id="sm-c45">
         <name>Hal_Uart_Get_Char</name>
         <value>0x4d71</value>
         <object_component_ref idref="oc-46d"/>
      </symbol>
      <symbol id="sm-c46">
         <name>Hal_Uart7_Int_Handler</name>
         <value>0x61eb</value>
         <object_component_ref idref="oc-84"/>
      </symbol>
      <symbol id="sm-c47">
         <name>Hal_Uart2_Int_Handler</name>
         <value>0x6191</value>
         <object_component_ref idref="oc-60"/>
      </symbol>
      <symbol id="sm-c48">
         <name>Hal_Uart_Data_Rcv</name>
         <value>0x5471</value>
         <object_component_ref idref="oc-ea"/>
      </symbol>
      <symbol id="sm-cd4">
         <name>UARTStdioConfig</name>
         <value>0x3d71</value>
         <object_component_ref idref="oc-3d1"/>
      </symbol>
      <symbol id="sm-cd5">
         <name>UARTwrite</name>
         <value>0x44a5</value>
         <object_component_ref idref="oc-266"/>
      </symbol>
      <symbol id="sm-cd6">
         <name>UARTprintf</name>
         <value>0x5e99</value>
         <object_component_ref idref="oc-185"/>
      </symbol>
      <symbol id="sm-cd7">
         <name>UARTvprintf</name>
         <value>0x138d</value>
         <object_component_ref idref="oc-18b"/>
      </symbol>
      <symbol id="sm-ce9">
         <name>__aeabi_memset</name>
         <value>0x4a47</value>
         <object_component_ref idref="oc-160"/>
      </symbol>
      <symbol id="sm-cea">
         <name>memset</name>
         <value>0x4a4d</value>
         <object_component_ref idref="oc-160"/>
      </symbol>
      <symbol id="sm-ceb">
         <name>__aeabi_memset8</name>
         <value>0x4a47</value>
         <object_component_ref idref="oc-160"/>
      </symbol>
      <symbol id="sm-cec">
         <name>__aeabi_memset4</name>
         <value>0x4a47</value>
         <object_component_ref idref="oc-160"/>
      </symbol>
      <symbol id="sm-ced">
         <name>__aeabi_memclr8</name>
         <value>0x4a45</value>
         <object_component_ref idref="oc-160"/>
      </symbol>
      <symbol id="sm-cee">
         <name>__aeabi_memclr4</name>
         <value>0x4a45</value>
         <object_component_ref idref="oc-160"/>
      </symbol>
      <symbol id="sm-cef">
         <name>__aeabi_memclr</name>
         <value>0x4a45</value>
         <object_component_ref idref="oc-160"/>
      </symbol>
      <symbol id="sm-d06">
         <name>__aeabi_dsub</name>
         <value>0x2149</value>
         <object_component_ref idref="oc-4d8"/>
      </symbol>
      <symbol id="sm-d07">
         <name>__aeabi_dadd</name>
         <value>0x2153</value>
         <object_component_ref idref="oc-4d8"/>
      </symbol>
      <symbol id="sm-d29">
         <name>__aeabi_cdcmpeq</name>
         <value>0x4531</value>
         <object_component_ref idref="oc-38f"/>
      </symbol>
      <symbol id="sm-d2a">
         <name>__aeabi_cdcmple</name>
         <value>0x4531</value>
         <object_component_ref idref="oc-38f"/>
      </symbol>
      <symbol id="sm-d2b">
         <name>__aeabi_cdrcmple</name>
         <value>0x45b7</value>
         <object_component_ref idref="oc-38a"/>
      </symbol>
      <symbol id="sm-d3f">
         <name>__aeabi_ddiv</name>
         <value>0x286d</value>
         <object_component_ref idref="oc-4d3"/>
      </symbol>
      <symbol id="sm-d4a">
         <name>__aeabi_dmul</name>
         <value>0x3381</value>
         <object_component_ref idref="oc-558"/>
      </symbol>
      <symbol id="sm-d56">
         <name>__aeabi_d2f</name>
         <value>0x4c29</value>
         <object_component_ref idref="oc-4dd"/>
      </symbol>
      <symbol id="sm-d61">
         <name>__aeabi_f2d</name>
         <value>0x5a55</value>
         <object_component_ref idref="oc-385"/>
      </symbol>
      <symbol id="sm-d6c">
         <name>__aeabi_ui2d</name>
         <value>0x5f01</value>
         <object_component_ref idref="oc-4ce"/>
      </symbol>
      <symbol id="sm-d7b">
         <name>__aeabi_uidivmod</name>
         <value>0x5805</value>
         <object_component_ref idref="oc-26c"/>
      </symbol>
      <symbol id="sm-d7c">
         <name>__aeabi_uidiv</name>
         <value>0x5805</value>
         <object_component_ref idref="oc-26c"/>
      </symbol>
      <symbol id="sm-d90">
         <name>__TI_zero_init_nomemset</name>
         <value>0x5f91</value>
         <object_component_ref idref="oc-aa"/>
      </symbol>
      <symbol id="sm-da7">
         <name>__TI_decompress_none</name>
         <value>0x62e5</value>
         <object_component_ref idref="oc-18"/>
      </symbol>
      <symbol id="sm-dca">
         <name>__TI_decompress_lzss</name>
         <value>0x4f19</value>
         <object_component_ref idref="oc-12"/>
      </symbol>
      <symbol id="sm-de0">
         <name>atoi</name>
         <value>0x5509</value>
         <object_component_ref idref="oc-874"/>
      </symbol>
      <symbol id="sm-deb">
         <name>_ctypes_</name>
         <value>0x65d0</value>
         <object_component_ref idref="oc-8b4"/>
      </symbol>
      <symbol id="sm-dfa">
         <name>strcmp</name>
         <value>0x6089</value>
         <object_component_ref idref="oc-7ac"/>
      </symbol>
      <symbol id="sm-e10">
         <name>__stack</name>
         <value>0x20000a50</value>
         <object_component_ref idref="oc-21"/>
      </symbol>
      <symbol id="sm-e11">
         <name>_c_int00_noargs</name>
         <value>0x5b5d</value>
         <object_component_ref idref="oc-bc"/>
      </symbol>
      <symbol id="sm-e1c">
         <name>__aeabi_idiv0</name>
         <value>0x538b</value>
         <object_component_ref idref="oc-34f"/>
      </symbol>
      <symbol id="sm-e1d">
         <name>__aeabi_ldiv0</name>
         <value>0x538b</value>
         <object_component_ref idref="oc-34f"/>
      </symbol>
      <symbol id="sm-e38">
         <name>memcpy</name>
         <value>0x40a9</value>
         <object_component_ref idref="oc-9e"/>
      </symbol>
      <symbol id="sm-e39">
         <name>__aeabi_memcpy</name>
         <value>0x40a9</value>
         <object_component_ref idref="oc-9e"/>
      </symbol>
      <symbol id="sm-e3a">
         <name>__aeabi_memcpy8</name>
         <value>0x40a9</value>
         <object_component_ref idref="oc-9e"/>
      </symbol>
      <symbol id="sm-e3b">
         <name>__aeabi_memcpy4</name>
         <value>0x40a9</value>
         <object_component_ref idref="oc-9e"/>
      </symbol>
      <symbol id="sm-e63">
         <name>__TI_auto_init_nobinit_nopinit</name>
         <value>0x5781</value>
         <object_component_ref idref="oc-21c"/>
      </symbol>
      <symbol id="sm-e6d">
         <name>_system_pre_init</name>
         <value>0x638d</value>
         <object_component_ref idref="oc-166"/>
      </symbol>
      <symbol id="sm-e79">
         <name>C$$EXIT</name>
         <value>0x6391</value>
         <object_component_ref idref="oc-210"/>
      </symbol>
      <symbol id="sm-e7a">
         <name>abort</name>
         <value>0x6391</value>
         <object_component_ref idref="oc-210"/>
      </symbol>
      <symbol id="sm-e8e">
         <name>FPULazyStackingEnable</name>
         <value>0x6241</value>
         <object_component_ref idref="oc-2bf"/>
      </symbol>
      <symbol id="sm-ee0">
         <name>GPIOPinConfigure</name>
         <value>0x559d</value>
         <object_component_ref idref="oc-584"/>
      </symbol>
      <symbol id="sm-ee1">
         <name>GPIOPinTypeGPIOInput</name>
         <value>0x6149</value>
         <object_component_ref idref="oc-5bd"/>
      </symbol>
      <symbol id="sm-ee2">
         <name>GPIOPinTypeUART</name>
         <value>0x615b</value>
         <object_component_ref idref="oc-58a"/>
      </symbol>
      <symbol id="sm-ee3">
         <name>GPIOPinTypeGPIOOutput</name>
         <value>0x6029</value>
         <object_component_ref idref="oc-5c3"/>
      </symbol>
      <symbol id="sm-ee4">
         <name>GPIOPinRead</name>
         <value>0x636d</value>
         <object_component_ref idref="oc-858"/>
      </symbol>
      <symbol id="sm-ee5">
         <name>GPIODirModeSet</name>
         <value>0x5d89</value>
         <object_component_ref idref="oc-710"/>
      </symbol>
      <symbol id="sm-ee6">
         <name>GPIOPinWrite</name>
         <value>0x6373</value>
         <object_component_ref idref="oc-331"/>
      </symbol>
      <symbol id="sm-ee7">
         <name>GPIOPadConfigSet</name>
         <value>0x29a3</value>
         <object_component_ref idref="oc-716"/>
      </symbol>
      <symbol id="sm-f29">
         <name>IntPrioritySet</name>
         <value>0x5e75</value>
         <object_component_ref idref="oc-596"/>
      </symbol>
      <symbol id="sm-f2a">
         <name>IntEnable</name>
         <value>0x4eb1</value>
         <object_component_ref idref="oc-59c"/>
      </symbol>
      <symbol id="sm-f2b">
         <name>IntMasterEnable</name>
         <value>0x6251</value>
         <object_component_ref idref="oc-2c5"/>
      </symbol>
      <symbol id="sm-f97">
         <name>SysCtlFlashSectorSizeGet</name>
         <value>0x5af5</value>
         <object_component_ref idref="oc-5e3"/>
      </symbol>
      <symbol id="sm-f98">
         <name>SysCtlClockSet</name>
         <value>0x347d</value>
         <object_component_ref idref="oc-2b3"/>
      </symbol>
      <symbol id="sm-f99">
         <name>SysCtlDelay</name>
         <value>0x637f</value>
         <object_component_ref idref="oc-3bc"/>
      </symbol>
      <symbol id="sm-f9a">
         <name>SysCtlPeripheralEnable</name>
         <value>0x5b29</value>
         <object_component_ref idref="oc-57e"/>
      </symbol>
      <symbol id="sm-f9b">
         <name>SysCtlReset</name>
         <value>0x6261</value>
         <object_component_ref idref="oc-889"/>
      </symbol>
      <symbol id="sm-f9c">
         <name>SysCtlClockGet</name>
         <value>0x3069</value>
         <object_component_ref idref="oc-2b9"/>
      </symbol>
      <symbol id="sm-fbf">
         <name>SysTickEnable</name>
         <value>0x60f9</value>
         <object_component_ref idref="oc-3f5"/>
      </symbol>
      <symbol id="sm-fc0">
         <name>SysTickIntEnable</name>
         <value>0x610d</value>
         <object_component_ref idref="oc-3fb"/>
      </symbol>
      <symbol id="sm-fc1">
         <name>SysTickPeriodSet</name>
         <value>0x6271</value>
         <object_component_ref idref="oc-3ef"/>
      </symbol>
      <symbol id="sm-fff">
         <name>TimerLoadSet</name>
         <value>0x61fd</value>
         <object_component_ref idref="oc-76f"/>
      </symbol>
      <symbol id="sm-1000">
         <name>TimerDisable</name>
         <value>0x6071</value>
         <object_component_ref idref="oc-107"/>
      </symbol>
      <symbol id="sm-1001">
         <name>TimerEnable</name>
         <value>0x62bb</value>
         <object_component_ref idref="oc-113"/>
      </symbol>
      <symbol id="sm-1002">
         <name>TimerIntEnable</name>
         <value>0x635d</value>
         <object_component_ref idref="oc-77b"/>
      </symbol>
      <symbol id="sm-1003">
         <name>TimerConfigure</name>
         <value>0x4fe5</value>
         <object_component_ref idref="oc-775"/>
      </symbol>
      <symbol id="sm-1004">
         <name>TimerIntClear</name>
         <value>0x6385</value>
         <object_component_ref idref="oc-f7"/>
      </symbol>
      <symbol id="sm-1056">
         <name>UARTConfigSetExpClk</name>
         <value>0x55e5</value>
         <object_component_ref idref="oc-590"/>
      </symbol>
      <symbol id="sm-1057">
         <name>UARTDisable</name>
         <value>0x5ee1</value>
         <object_component_ref idref="oc-71d"/>
      </symbol>
      <symbol id="sm-1058">
         <name>UARTIntEnable</name>
         <value>0x6365</value>
         <object_component_ref idref="oc-5a2"/>
      </symbol>
      <symbol id="sm-1059">
         <name>UARTCharsAvail</name>
         <value>0x62d7</value>
         <object_component_ref idref="oc-1ba"/>
      </symbol>
      <symbol id="sm-105a">
         <name>UARTCharGetNonBlocking</name>
         <value>0x62c9</value>
         <object_component_ref idref="oc-28b"/>
      </symbol>
      <symbol id="sm-105b">
         <name>UARTCharPut</name>
         <value>0x6331</value>
         <object_component_ref idref="oc-86a"/>
      </symbol>
      <symbol id="sm-105c">
         <name>UARTEnable</name>
         <value>0x6121</value>
         <object_component_ref idref="oc-723"/>
      </symbol>
      <symbol id="sm-105d">
         <name>UARTIntClear</name>
         <value>0x6389</value>
         <object_component_ref idref="oc-1ae"/>
      </symbol>
      <symbol id="sm-105e">
         <name>UARTIntStatus</name>
         <value>0x633b</value>
         <object_component_ref idref="oc-1a8"/>
      </symbol>
      <symbol id="sm-1068">
         <name>CPUcpsie</name>
         <value>0x6319</value>
         <object_component_ref idref="oc-3c4"/>
      </symbol>
      <symbol id="sm-1069">
         <name>__TI_static_base__</name>
         <value>0x0</value>
      </symbol>
      <symbol id="sm-106c">
         <name>__mpu_init</name>
         <value>0x0</value>
      </symbol>
      <symbol id="sm-106d">
         <name>_system_post_cinit</name>
         <value>0x0</value>
      </symbol>
   </symbol_table>
   <title>Link successful</title>
</link_info>
