******************************************************************************
                  TI ARM Linker PC v18.12.3                    
******************************************************************************
>> Linked Sun May  2 17:30:18 2021

OUTPUT FILE NAME:   <FR2V2_TCU.out>
ENTRY POINT SYMBOL: "_c_int00_noargs"  address: 00005b5d


MEMORY CONFIGURATION

         name            origin    length      used     unused   attr    fill
----------------------  --------  ---------  --------  --------  ----  --------
  FLASH                 00000000   00040000  00006e44  000391bc  R  X
  SRAM                  20000000   00008000  00000c49  000073b7  RW X


SEGMENT ALLOCATION MAP

run origin  load origin   length   init length attrs members
----------  ----------- ---------- ----------- ----- -------
00000000    00000000    00006e48   00006e48    r-x
  00000000    00000000    0000026c   0000026c    r-- .intvecs
  0000026c    0000026c    00006128   00006128    r-x .text
  00006394    00006394    000009b0   000009b0    r-- .const
  00006d48    00006d48    00000100   00000100    r-- .cinit
20000000    20000000    00000c50   00000000    rw-
  20000000    20000000    000006fd   00000000    rw- .data
  20000700    20000700    0000034c   00000000    rw- .bss
  20000a50    20000a50    00000200   00000000    rw- .stack


SECTION ALLOCATION MAP

 output                                  attributes/
section   page    origin      length       input sections
--------  ----  ----------  ----------   ----------------
.intvecs   0    00000000    0000026c     
                  00000000    0000026c     tm4c1230h6pm_startup_ccs.obj (.intvecs)

.text      0    0000026c    00006128     
                  0000026c    000005b8     api_autotune.obj (.text:ATuneRun)
                  00000824    000004dc     app_ssr_ctrl.obj (.text:App_Run_Heater)
                  00000d00    0000034c     api_pid.obj (.text:PidCompute)
                  0000104c    00000340     app_ssr_ctrl.obj (.text:App_Temp_Read)
                  0000138c    00000334     uartstdio.obj (.text:UARTvprintf)
                  000016c0    00000324     app_host_if.obj (.text:App_Host_IF_Send_Msg)
                  000019e4    000001e4     hal_uart.obj (.text:Hal_Uart_Init)
                  00001bc8    000001e0     app_ssr_ctrl.obj (.text:App_Temp_Alarm_Check)
                  00001da8    000001d4     app_host_if.obj (.text:App_Host_IF_State_Machine)
                  00001f7c    000001cc     app_ssr_ctrl.obj (.text:App_Temp_Status)
                  00002148    000001b6     rtsv7M4_T_le_v4SPD16_eabi.lib : fd_add_t2.asm.obj (.text)
                  000022fe    00000002     app.obj (.text:App_NV_Data_Default_Set)
                  00002300    00000184     hal_flash_pb.obj (.text:FlashPBSave)
                  00002484    00000164     api_autotune.obj (.text:ATuneInit)
                  000025e8    00000148     api_filter_fir.obj (.text:GetFIR)
                  00002730    0000013c     app_console.obj (.text:cmd_debug_lvl)
                  0000286c    00000136     rtsv7M4_T_le_v4SPD16_eabi.lib : fd_div_t2.asm.obj (.text)
                  000029a2    00000132     driverlib.lib : gpio.obj (.text:GPIOPadConfigSet)
                  00002ad4    0000012c     api_autotune.obj (.text:ATuneGetOutputWeight)
                  00002c00    00000120     hal_flash_pb.obj (.text:FlashPBInit)
                  00002d20    00000120     hal_gpio.obj (.text:Hal_Gpio_Pin_init)
                  00002e40    00000116     max31865.obj (.text:Drv_Max31865_Reg_Write)
                  00002f56    00000002     hal_timer.obj (.text:App_Timer2A_IntHandler)
                  00002f58    00000110     api_autotune.obj (.text:ATune_FinishUp)
                  00003068    00000110     driverlib.lib : sysctl.obj (.text:SysCtlClockGet)
                  00003178    0000010a     max31865.obj (.text:Drv_Max31865_Reg_Read)
                  00003282    00000002     hal_timer.obj (.text:App_Timer3A_IntHandler)
                  00003284    000000fc     app.obj (.text:App_Sys_Logo)
                  00003380    000000fc     rtsv7M4_T_le_v4SPD16_eabi.lib : fd_mul_t2.asm.obj (.text)
                  0000347c    000000f4     driverlib.lib : sysctl.obj (.text:SysCtlClockSet)
                  00003570    000000ec     app_console.obj (.text:App_Console_Cmd_Check)
                  0000365c    000000e0     app_console.obj (.text:App_Console_Data_Rcv)
                  0000373c    000000d8     app_host_if.obj (.text:App_Host_IF_Msg_Parser)
                  00003814    000000d4     app_ssr_ctrl.obj (.text:App_Set_SP)
                  000038e8    000000cc     app_ssr_ctrl.obj (.text:App_Check_K_Valid)
                  000039b4    000000cc     api_pid.obj (.text:PidSetTunings)
                  00003a80    000000c0     app_ssr_ctrl.obj (.text:App_SSR_PWM_Set)
                  00003b40    000000c0     app_ssr_ctrl.obj (.text:App_Temp_Alarm_Config)
                  00003c00    000000c0     max31865.obj (.text:Drv_Max31865_Temp_Read)
                  00003cc0    000000b0     app_ssr_ctrl.obj (.text:App_Temp_Display)
                  00003d70    000000b0     uartstdio.obj (.text:UARTStdioConfig)
                  00003e20    000000a8     api_autotune.obj (.text:ATuneGetKi)
                  00003ec8    000000a8     api_cmd.obj (.text:CmdLineProcess)
                  00003f70    0000009c     api_systick.obj (.text:Api_SWTimer_Proc)
                  0000400c    0000009c     app_ssr_ctrl.obj (.text:App_Heater_Ctrl)
                  000040a8    0000009c     rtsv7M4_T_le_v4SPD16_eabi.lib : memcpy_t2.asm.obj (.text)
                  00004144    00000094     app_console.obj (.text:Cmd_help)
                  000041d8    00000094     hal_timer.obj (.text:Hal_Timer_Init)
                  0000426c    00000090     app_ssr_ctrl.obj (.text:App_Ctrl_Param_Init)
                  000042fc    00000090     hal_gpio.obj (.text:Hal_Gpo_Write)
                  0000438c    0000008c     app_host_if.obj (.text:App_Host_IF_Msg_Update)
                  00004418    0000008c     app_ssr_ctrl.obj (.text:App_SSR_Ctrl)
                  000044a4    0000008c     uartstdio.obj (.text:UARTwrite)
                  00004530    00000086     rtsv7M4_T_le_v4SPD16_eabi.lib : fd_cmp_t2.asm.obj (.text:__aeabi_cdcmple)
                  000045b6    00000086                                   : fd_cmp_t2.asm.obj (.text:__aeabi_cdrcmple)
                  0000463c    00000084     api_systick.obj (.text:Api_SWTimer_Resister)
                  000046c0    00000084     app_host_if.obj (.text:App_Host_IF_Init)
                  00004744    00000084     app_ssr_ctrl.obj (.text:App_SSR_Ctrl_Init)
                  000047c8    00000084     hal_uart.obj (.text:Hal_Uart_Data_Fill)
                  0000484c    00000083     app.obj (.text:App_Load_Config)
                  000048cf    00000001     --HOLE-- [fill = 0]
                  000048d0    0000007c     hal_flash_pb.obj (.text:FlashPBIsValid)
                  0000494c    0000007c     app_console.obj (.text:cmd_data_display)
                  000049c8    0000007c     app_console.obj (.text:cmd_heater_ctrl)
                  00004a44    0000007a     rtsv7M4_T_le_v4SPD16_eabi.lib : memset_t2.asm.obj (.text)
                  00004abe    00000002     hal_timer.obj (.text:App_Timer4A_IntHandler)
                  00004ac0    00000078     api_autotune.obj (.text:ATuneGetKd)
                  00004b38    00000078     api_systick.obj (.text:Api_Period_Check)
                  00004bb0    00000078     app_console.obj (.text:cmd_pid_mode)
                  00004c28    0000006e     rtsv7M4_T_le_v4SPD16_eabi.lib : fd_tos_t2.asm.obj (.text)
                  00004c96    00000002     max31865.obj (.text:Drv_MAX31865_GPIO_Pin_Init)
                  00004c98    0000006c     api_autotune.obj (.text:ATuneGetKp)
                  00004d04    0000006c     max31865.obj (.text:Drv_Max31865_Chips_Init)
                  00004d70    0000006c     hal_uart.obj (.text:Hal_Uart_Get_Char)
                  00004ddc    0000006c     api_filter_fir.obj (.text:InitFir)
                  00004e48    00000068     hal_gpio.obj (.text:Hal_Gpi_Read)
                  00004eb0    00000068     driverlib.lib : interrupt.obj (.text:IntEnable)
                  00004f18    00000068     rtsv7M4_T_le_v4SPD16_eabi.lib : copy_decompress_lzss.c.obj (.text:decompress:lzss:__TI_decompress_lzss)
                  00004f80    00000064     app_console.obj (.text:dmsg)
                  00004fe4    00000060     driverlib.lib : timer.obj (.text:TimerConfigure)
                  00005044    0000005c     app_ssr_ctrl.obj (.text:App_Heater_Ctrl_Proc)
                  000050a0    00000058     app_ssr_ctrl.obj (.text:App_Alarm_Ctrl)
                  000050f8    00000058     app_ssr_ctrl.obj (.text:App_Set_SSR_lock)
                  00005150    00000058     app_console.obj (.text:cmd_pid_mode_all)
                  000051a8    00000054     api_util.obj (.text:MAX_V)
                  000051fc    00000054     api_util.obj (.text:MIN_V)
                  00005250    00000050     app_console.obj (.text:App_Console_Init)
                  000052a0    00000050     app_host_if.obj (.text:App_Host_IF_build_Packet)
                  000052f0    0000004d     app_console.obj (.text:cmd_set_sp)
                  0000533d    00000001     --HOLE-- [fill = 0]
                  0000533e    0000004c     api_util.obj (.text:Api_CheckSum_Encoding)
                  0000538a    00000002     rtsv7M4_T_le_v4SPD16_eabi.lib : div0.asm.obj (.text)
                  0000538c    0000004c     api_systick.obj (.text:Api_SWTimer_Tick_Update)
                  000053d8    0000004c     app_host_if.obj (.text:App_HI_Data_Clear)
                  00005424    0000004c     hal_gpio.obj (.text:Hal_Gpio_Periph_En)
                  00005470    0000004c     hal_uart.obj (.text:Hal_Uart_Data_Rcv)
                  000054bc    0000004c     api_pid.obj (.text:PidInit)
                  00005508    0000004c     rtsv7M4_T_le_v4SPD16_eabi.lib : atoi.c.obj (.text:atoi)
                  00005554    00000048     api_util.obj (.text:Api_CheckSum_Decoding)
                  0000559c    00000048     driverlib.lib : gpio.obj (.text:GPIOPinConfigure)
                  000055e4    00000046                   : uart.obj (.text:UARTConfigSetExpClk)
                  0000562a    00000002     --HOLE-- [fill = 0]
                  0000562c    00000044     app_ssr_ctrl.obj (.text:App_Set_Ctrl_Mode)
                  00005670    00000044     max31865.obj (.text:Drv_Max31865_cs)
                  000056b4    00000044     max31865.obj (.text:Drv_Max31865_din)
                  000056f8    00000044     max31865.obj (.text:Drv_Max31865_sclk)
                  0000573c    00000044     api_pid.obj (.text:PidSetOutputLimits)
                  00005780    00000044     rtsv7M4_T_le_v4SPD16_eabi.lib : autoinit.c.obj (.text:__TI_auto_init_nobinit_nopinit:__TI_auto_init_nobinit_nopinit)
                  000057c4    00000040     max31865.obj (.text:Drv_Max31865_drdy)
                  00005804    00000040     rtsv7M4_T_le_v4SPD16_eabi.lib : u_divt2.asm.obj (.text)
                  00005844    0000003e     app_console.obj (.text:Cmd_reset)
                  00005882    0000003c     app.obj (.text:App_Init)
                  000058be    00000002     --HOLE-- [fill = 0]
                  000058c0    0000003c     app.obj (.text:App_SWTimer_Comm_Proc)
                  000058fc    0000003c     app_ssr_ctrl.obj (.text:App_Set_Ctrl_Mode_All)
                  00005938    0000003c     max31865.obj (.text:Drv_Max31865_dout)
                  00005974    00000038     app_host_if.obj (.text:App_Host_IF_Timeout_Check)
                  000059ac    00000038     app_ssr_ctrl.obj (.text:App_KValues_Init)
                  000059e4    00000038     app_ssr_ctrl.obj (.text:App_SSR_PWM_Init)
                  00005a1c    00000038     hal_uart.obj (.text:Hal_Uart_Send)
                  00005a54    00000038     rtsv7M4_T_le_v4SPD16_eabi.lib : fs_tod_t2.asm.obj (.text)
                  00005a8c    00000034     app_console.obj (.text:Api_Console_Data_Clr)
                  00005ac0    00000034     app.obj (.text:App_SWTimer_Temp_Reading)
                  00005af4    00000034     driverlib.lib : sysctl.obj (.text:SysCtlFlashSectorSizeGet)
                  00005b28    00000034                   : sysctl.obj (.text:SysCtlPeripheralEnable)
                  00005b5c    00000034     rtsv7M4_T_le_v4SPD16_eabi.lib : boot_cortex_m.c.obj (.text:_c_int00_noargs:_c_int00_noargs)
                  00005b90    00000031     main.obj (.text:__error__)
                  00005bc1    00000003     --HOLE-- [fill = 0]
                  00005bc4    00000030     app_host_if.obj (.text:App_Host_IF_Proc)
                  00005bf4    00000030     app.obj (.text:App_SWTimer_Misc_Proc)
                  00005c24    0000002e     app_ssr_ctrl.obj (.text:App_Heater_All_Off)
                  00005c52    00000002     --HOLE-- [fill = 0]
                  00005c54    0000002c     app.obj (.text:App_NV_Data_Save)
                  00005c80    0000002c     app.obj (.text:App_SWTimer_Proc_init)
                  00005cac    0000002c     app.obj (.text:App_Temp_Alarm_Init)
                  00005cd8    0000002c     hal_timer.obj (.text:Hal_Timer1A_IntHandler)
                  00005d04    0000002c     hal_timer.obj (.text:Hal_Timer2A_IntHandler)
                  00005d30    0000002c     hal_timer.obj (.text:Hal_Timer3A_IntHandler)
                  00005d5c    0000002c     hal_timer.obj (.text:Hal_Timer4A_IntHandler)
                  00005d88    0000002a     driverlib.lib : gpio.obj (.text:GPIODirModeSet)
                  00005db2    0000002a     app_console.obj (.text:cmd_host_if_echo_set)
                  00005ddc    00000028     app_host_if.obj (.text:App_Host_IF_Timeout_Update)
                  00005e04    00000028     app_ssr_ctrl.obj (.text:App_Set_Data_Display_Flag)
                  00005e2c    00000024     main.obj (.text:Hal_Core_Init)
                  00005e50    00000024     hal_delay.obj (.text:Hal_Delay_us)
                  00005e74    00000024     driverlib.lib : interrupt.obj (.text:IntPrioritySet)
                  00005e98    00000024     uartstdio.obj (.text:UARTprintf)
                  00005ebc    00000022     app.obj (.text:App_Temp_Ctrl_Proc)
                  00005ede    00000002     --HOLE-- [fill = 0]
                  00005ee0    00000020     driverlib.lib : uart.obj (.text:UARTDisable)
                  00005f00    00000020     rtsv7M4_T_le_v4SPD16_eabi.lib : u_tofd_t2.asm.obj (.text)
                  00005f20    0000001c     tm4c1230h6pm_startup_ccs.obj (.text:FaultISR)
                  00005f3c    0000001c     hal_timer.obj (.text:Hal_Systick_Init)
                  00005f58    0000001c     tm4c1230h6pm_startup_ccs.obj (.text:IntDefaultHandler)
                  00005f74    0000001c     tm4c1230h6pm_startup_ccs.obj (.text:NmiSR)
                  00005f90    0000001c     rtsv7M4_T_le_v4SPD16_eabi.lib : copy_zero_init.c.obj (.text:decompress:ZI:__TI_zero_init_nomemset:__TI_zero_init_nomemset)
                  00005fac    0000001a     api_systick.obj (.text:Api_Delay_ms)
                  00005fc6    00000002     --HOLE-- [fill = 0]
                  00005fc8    00000018     app_host_if.obj (.text:App_HI_Data_Echo)
                  00005fe0    00000018     app_host_if.obj (.text:App_Host_Comm_Seq_Set)
                  00005ff8    00000018     app_ssr_ctrl.obj (.text:App_Set_SSR_En)
                  00006010    00000018     max31865.obj (.text:Drv_Max31865_Init_Config)
                  00006028    00000018     driverlib.lib : gpio.obj (.text:GPIOPinTypeGPIOOutput)
                  00006040    00000018     hal_timer.obj (.text:Hal_Timer0A_IntHandler)
                  00006058    00000018     hal_uart.obj (.text:Hal_Uart_Rcv_Len)
                  00006070    00000018     driverlib.lib : timer.obj (.text:TimerDisable)
                  00006088    00000018     rtsv7M4_T_le_v4SPD16_eabi.lib : strcmp.c.obj (.text:strcmp)
                  000060a0    00000017     app.obj (.text:App_System_status_show)
                  000060b7    00000001     --HOLE-- [fill = 0]
                  000060b8    00000016     max31865.obj (.text:Drv_Max31865_Ready)
                  000060ce    00000002     --HOLE-- [fill = 0]
                  000060d0    00000014     api_systick.obj (.text:Api_Systick_Update)
                  000060e4    00000014     hal_flash_pb.obj (.text:FlashPBGet)
                  000060f8    00000014     driverlib.lib : systick.obj (.text:SysTickEnable)
                  0000610c    00000014                   : systick.obj (.text:SysTickIntEnable)
                  00006120    00000014                   : uart.obj (.text:UARTEnable)
                  00006134    00000013     app.obj (.text:App_System_Info)
                  00006147    00000001     --HOLE-- [fill = 0]
                  00006148    00000012     driverlib.lib : gpio.obj (.text:GPIOPinTypeGPIOInput)
                  0000615a    00000012                   : gpio.obj (.text:GPIOPinTypeUART)
                  0000616c    00000012     hal_uart.obj (.text:Hal_Uart0_Int_Handler)
                  0000617e    00000012     hal_uart.obj (.text:Hal_Uart1_Int_Handler)
                  00006190    00000012     hal_uart.obj (.text:Hal_Uart2_Int_Handler)
                  000061a2    00000012     hal_uart.obj (.text:Hal_Uart3_Int_Handler)
                  000061b4    00000012     hal_uart.obj (.text:Hal_Uart4_Int_Handler)
                  000061c6    00000012     hal_uart.obj (.text:Hal_Uart5_Int_Handler)
                  000061d8    00000012     hal_uart.obj (.text:Hal_Uart6_Int_Handler)
                  000061ea    00000012     hal_uart.obj (.text:Hal_Uart7_Int_Handler)
                  000061fc    00000012     driverlib.lib : timer.obj (.text:TimerLoadSet)
                  0000620e    00000010     app.obj (.text:App_Init_Temp_Ctrl)
                  0000621e    00000010     app.obj (.text:App_System)
                  0000622e    00000010     app.obj (.text:App_Timer_Init_SSR_Ctrl)
                  0000623e    00000002     --HOLE-- [fill = 0]
                  00006240    00000010     driverlib.lib : fpu.obj (.text:FPULazyStackingEnable)
                  00006250    00000010                   : interrupt.obj (.text:IntMasterEnable)
                  00006260    00000010                   : sysctl.obj (.text:SysCtlReset)
                  00006270    00000010                   : systick.obj (.text:SysTickPeriodSet)
                  00006280    00000010     main.obj (.text:main)
                  00006290    0000000e     app_host_if.obj (.text:App_Host_IF_Send_Boot_Msg)
                  0000629e    0000000e     app_console.obj (.text:Cmd_info)
                  000062ac    0000000e     app_console.obj (.text:Cmd_show)
                  000062ba    0000000e     driverlib.lib : timer.obj (.text:TimerEnable)
                  000062c8    0000000e                   : uart.obj (.text:UARTCharGetNonBlocking)
                  000062d6    0000000e                   : uart.obj (.text:UARTCharsAvail)
                  000062e4    0000000e     rtsv7M4_T_le_v4SPD16_eabi.lib : copy_decompress_none.c.obj (.text:decompress:none:__TI_decompress_none)
                  000062f2    00000002     --HOLE-- [fill = 0]
                  000062f4    0000000c     api_systick.obj (.text:Api_Systick_Get)
                  00006300    0000000c     app_host_if.obj (.text:App_Host_Comm_Seq_Get)
                  0000630c    0000000c     app.obj (.text:App_SWTimer_Proc)
                  00006318    0000000c     driverlib.lib : cpu.obj (.text:CPUcpsie)
                  00006324    0000000c     hal_gpio.obj (.text:Hal_Gpio_Init)
                  00006330    0000000a     driverlib.lib : uart.obj (.text:UARTCharPut)
                  0000633a    0000000a                   : uart.obj (.text:UARTIntStatus)
                  00006344    00000008     app.obj (.text:App_Timer0A_IntHandler)
                  0000634c    00000008     app.obj (.text:App_Timer1A_IntHandler)
                  00006354    00000008     main.obj (.text:Hal_Systick_IntHandler)
                  0000635c    00000008     driverlib.lib : timer.obj (.text:TimerIntEnable)
                  00006364    00000008                   : uart.obj (.text:UARTIntEnable)
                  0000636c    00000006                   : gpio.obj (.text:GPIOPinRead)
                  00006372    00000006                   : gpio.obj (.text:GPIOPinWrite)
                  00006378    00000006     tm4c1230h6pm_startup_ccs.obj (.text:ResetISR)
                  0000637e    00000006     driverlib.lib : sysctl.obj (.text:SysCtlDelay)
                  00006384    00000004                   : timer.obj (.text:TimerIntClear)
                  00006388    00000004                   : uart.obj (.text:UARTIntClear)
                  0000638c    00000004     rtsv7M4_T_le_v4SPD16_eabi.lib : pre_init.c.obj (.text:_system_pre_init)
                  00006390    00000004                                   : exit.c.obj (.text:abort:abort)

.const     0    00006394    000009b0     
                  00006394    0000023c     app_console.obj (.const:.string)
                  000065d0    00000101     rtsv7M4_T_le_v4SPD16_eabi.lib : ctype.c.obj (.const:.string:_ctypes_)
                  000066d1    00000003     --HOLE-- [fill = 0]
                  000066d4    000000f9     app_gpio_config.obj (.const:.string)
                  000067cd    00000003     --HOLE-- [fill = 0]
                  000067d0    000000f0     app_gpio_config.obj (.const:gpo_lists)
                  000068c0    0000009c     driverlib.lib : interrupt.obj (.const:g_pui32Regs)
                  0000695c    00000090                   : gpio.obj (.const:g_pui32GPIOBaseAddrs)
                  000069ec    00000070                   : interrupt.obj (.const)
                  00006a5c    0000006c                   : sysctl.obj (.const:g_pui32Xtals)
                  00006ac8    00000060     app_gpio_config.obj (.const:gpi_lists)
                  00006b28    00000034     app_ssr_ctrl.obj (.const:.string)
                  00006b5c    00000020     hal_uart.obj (.const:hal_uart_base)
                  00006b7c    00000020     hal_uart.obj (.const:hal_uart_int_assign)
                  00006b9c    00000020     hal_uart.obj (.const:hal_uart_port)
                  00006bbc    00000020     hal_uart.obj (.const:hal_uart_sysctl)
                  00006bdc    0000001a     app_host_if.obj (.const:.string:$P$T1$2)
                  00006bf6    00000019     app.obj (.const:.string:$P$T0$1)
                  00006c0f    00000001     --HOLE-- [fill = 0]
                  00006c10    00000018     uartstdio.obj (.const:g_ui32UARTBase)
                  00006c28    00000018     uartstdio.obj (.const:g_ui32UARTPeriph)
                  00006c40    00000018     hal_timer.obj (.const:hal_timer_assign)
                  00006c58    00000018     hal_timer.obj (.const:hal_timer_base)
                  00006c70    00000018     hal_timer.obj (.const:hal_timer_sysctl)
                  00006c88    00000017     app_host_if.obj (.const:.string:$P$T0$1)
                  00006c9f    00000016     app.obj (.const:.string:$P$T1$2)
                  00006cb5    00000016     app.obj (.const:.string:$P$T2$3)
                  00006ccb    00000012     tm4c1230h6pm_startup_ccs.obj (.const:.string:$P$T2$3)
                  00006cdd    00000003     --HOLE-- [fill = 0]
                  00006ce0    00000012     uartstdio.obj (.const:.string)
                  00006cf2    0000000f     app_ssr_ctrl.obj (.const:.string:$P$T0$1)
                  00006d01    0000000e     hal_gpio.obj (.const:.string:$P$T0$1)
                  00006d0f    0000000d     hal_gpio.obj (.const:.string:$P$T1$2)
                  00006d1c    0000000a     app_host_if.obj (.const:.string)
                  00006d26    00000009     api_autotune.obj (.const:.string:$P$T0$1)
                  00006d2f    00000009     tm4c1230h6pm_startup_ccs.obj (.const:.string:$P$T1$2)
                  00006d38    00000006     tm4c1230h6pm_startup_ccs.obj (.const:.string:$P$T0$1)
                  00006d3e    00000002     --HOLE-- [fill = 0]
                  00006d40    00000004     uartstdio.obj (.const)

.cinit     0    00006d48    00000100     
                  00006d48    000000d8     (.cinit..data.load) [load image, compression = lzss]
                  00006e20    0000000c     (__TI_handler_table)
                  00006e2c    00000004     --HOLE-- [fill = 0]
                  00006e30    00000008     (.cinit..bss.load) [load image, compression = zero_init]
                  00006e38    00000010     (__TI_cinit_table)

.init_array 
*          0    00000000    00000000     UNINITIALIZED

.data      0    20000000    000006fd     UNINITIALIZED
                  20000000    00000400     hal_uart.obj (.data:uart_rx)
                  20000400    000000a0     api_systick.obj (.data:swtimer)
                  200004a0    0000009c     app_console.obj (.data:cmd_list)
                  2000053c    00000080     app_console.obj (.data:cmd_buf)
                  200005bc    00000020     app_console.obj (.data:debug_log_msg)
                  200005dc    00000018     app_ssr_ctrl.obj (.data:str_ctrl_mode)
                  200005f4    0000000c     app_ssr_ctrl.obj (.data:SSROnPeriod)
                  20000600    0000000c     api_autotune.obj (.data:_AtSampleTime)
                  2000060c    0000000c     app_ssr_ctrl.obj (.data:_atuneOutputStep)
                  20000618    0000000c     app_ssr_ctrl.obj (.data:_ctrlOutput)
                  20000624    0000000c     app_ssr_ctrl.obj (.data:_errorCode)
                  20000630    0000000c     app_ssr_ctrl.obj (.data:_kd)
                  2000063c    0000000c     app_ssr_ctrl.obj (.data:_ki)
                  20000648    0000000c     app_ssr_ctrl.obj (.data:_kp)
                  20000654    0000000c     app_ssr_ctrl.obj (.data:_outputDownWeight)
                  20000660    0000000c     app_ssr_ctrl.obj (.data:_outputUpWeight)
                  2000066c    0000000c     app_ssr_ctrl.obj (.data:_prevErrorCode)
                  20000678    0000000c     app_ssr_ctrl.obj (.data:_setPoint)
                  20000684    0000000c     app_ssr_ctrl.obj (.data:g_fPWMPercentage)
                  20000690    0000000c     app_ssr_ctrl.obj (.data:max31865_fault)
                  2000069c    0000000c     app_ssr_ctrl.obj (.data:pwm_percent_Integer)
                  200006a8    0000000c     app_ssr_ctrl.obj (.data:pwm_percent_fraction)
                  200006b4    0000000c     app_ssr_ctrl.obj (.data:str_temp_ch)
                  200006c0    00000009     app_ssr_ctrl.obj (.data)
                  200006c9    00000008     hal_uart.obj (.data:uart_rx_cnt)
                  200006d1    00000008     hal_uart.obj (.data:uart_rx_rp)
                  200006d9    00000008     hal_uart.obj (.data:uart_rx_wp)
                  200006e1    00000003     app_ssr_ctrl.obj (.data:_ctrl_Mode)
                  200006e4    00000005     uartstdio.obj (.data)
                  200006e9    00000003     app_ssr_ctrl.obj (.data:curr_ssr_status)
                  200006ec    00000004     api_systick.obj (.data)
                  200006f0    00000004     app_host_if.obj (.data)
                  200006f4    00000004     app_host_if.obj (.data:str_hi_ch)
                  200006f8    00000003     app_ssr_ctrl.obj (.data:ssr_lock)
                  200006fb    00000002     app_console.obj (.data)

.bss       0    20000700    0000034c     UNINITIALIZED
                  20000700    00000078     (.common:_firPrevValue)
                  20000778    0000006c     app_host_if.obj (.bss:hi_msg_buf)
                  200007e4    00000019     (.common:dev)
                  200007fd    00000001     app_console.obj (.bss)
                  200007fe    00000002     --HOLE--
                  20000800    00000018     api_cmd.obj (.bss:g_ppcArgv)
                  20000818    00000010     hal_flash_pb.obj (.bss)
                  20000828    0000000c     app_ssr_ctrl.obj (.bss:fail_tick)
                  20000834    0000000c     (.common:_AtAbsMax)
                  20000840    0000000c     (.common:_AtAbsMin)
                  2000084c    0000000c     (.common:_AtAmplitude)
                  20000858    0000000c     (.common:_AtControlType)
                  20000864    0000000c     (.common:_AtJustchangedCnt)
                  20000870    0000000c     (.common:_AtJustevaled)
                  2000087c    0000000c     (.common:_AtKu)
                  20000888    0000000c     (.common:_AtLastLowPeak1ms)
                  20000894    0000000c     (.common:_AtLastPeak1ms)
                  200008a0    0000000c     (.common:_AtLastStepUpTime)
                  200008ac    0000000c     (.common:_AtLastTime1ms)
                  200008b8    0000000c     (.common:_AtLookBackCnt)
                  200008c4    0000000c     (.common:_AtMaxStepUpCount)
                  200008d0    0000000c     (.common:_AtNoiseBand)
                  200008dc    0000000c     (.common:_AtOstep)
                  200008e8    0000000c     (.common:_AtOutputStart)
                  200008f4    0000000c     (.common:_AtPrevOutput)
                  20000900    0000000c     (.common:_AtPrevStepUpTime)
                  2000090c    0000000c     (.common:_AtPu)
                  20000918    0000000c     (.common:_AtRunning)
                  20000924    0000000c     (.common:_AtSetpoint)
                  20000930    0000000c     (.common:_AtStepUpCount)
                  2000093c    0000000c     (.common:_firCurrentSum)
                  20000948    0000000c     (.common:_firIndex)
                  20000954    0000000c     (.common:_firIndex_set)
                  20000960    0000000c     (.common:_pidDownWeight)
                  2000096c    0000000c     (.common:_pidIntegralTerm)
                  20000978    0000000c     (.common:_pidKd)
                  20000984    0000000c     (.common:_pidKi)
                  20000990    0000000c     (.common:_pidKp)
                  2000099c    0000000c     (.common:_pidLastInput)
                  200009a8    0000000c     (.common:_pidLastTime1ms)
                  200009b4    0000000c     (.common:_pidOutMax)
                  200009c0    0000000c     (.common:_pidOutMin)
                  200009cc    0000000c     (.common:_pidSampleTime)
                  200009d8    0000000c     (.common:_pidUpWeight)
                  200009e4    0000000c     (.common:alarm_cnt_hi)
                  200009f0    0000000c     (.common:alarm_cnt_lo)
                  200009fc    0000000c     (.common:curr_Ambient)
                  20000a08    0000000c     (.common:pv_fraction)
                  20000a14    0000000c     (.common:pv_integer)
                  20000a20    0000000c     (.common:temp_Ambient)
                  20000a2c    00000004     app_host_if.obj (.bss:hi_curr_state)
                  20000a30    00000004     app_host_if.obj (.bss:hi_msg_len)
                  20000a34    00000004     app_host_if.obj (.bss:hi_timeout)
                  20000a38    00000004     app_host_if.obj (.bss:hi_timeout_flag)
                  20000a3c    00000004     app_host_if.obj (.bss:host_if_ch)
                  20000a40    00000004     (.common:_isStartAboveSP)
                  20000a44    00000004     (.common:alarm_status)
                  20000a48    00000004     (.common:sys_clock)

.stack     0    20000a50    00000200     UNINITIALIZED
                  20000a50    00000004     rtsv7M4_T_le_v4SPD16_eabi.lib : boot_cortex_m.c.obj (.stack)
                  20000a54    000001fc     --HOLE--

MODULE SUMMARY

       Module                         code    ro data   rw data
       ------                         ----    -------   -------
    .\
       tm4c1230h6pm_startup_ccs.obj   90      653       0      
       main.obj                       109     0         4      
    +--+------------------------------+-------+---------+---------+
       Total:                         199     653       4      
                                                               
    .\Api\
       api_autotune.obj               2788    9         280    
       api_pid.obj                    1192    0         132    
       api_systick.obj                542     0         164    
       api_filter_fir.obj             436     0         156    
       api_util.obj                   316     0         0      
       api_cmd.obj                    168     0         24     
    +--+------------------------------+-------+---------+---------+
       Total:                         5442    9         756    
                                                               
    .\App\
       app_ssr_ctrl.obj               5182    67        322    
       app_console.obj                1821    572       319    
       app_host_if.obj                2134    59        136    
       max31865.obj                   1220    0         0      
       app.obj                        889     69        25     
       app_gpio_config.obj            0       585       0      
    +--+------------------------------+-------+---------+---------+
       Total:                         11246   1352      802    
                                                               
    .\Hal\
       hal_uart.obj                   1024    128       1048   
       hal_flash_pb.obj               820     0         16     
       hal_gpio.obj                   624     27        0      
       hal_timer.obj                  382     72        0      
       hal_delay.obj                  36      0         0      
    +--+------------------------------+-------+---------+---------+
       Total:                         2886    227       1064   
                                                               
    .\utils\
       uartstdio.obj                  1172    70        5      
    +--+------------------------------+-------+---------+---------+
       Total:                         1172    70        5      
                                                               
    C:/ti/tivaware_c_series_2_1_4_178/driverlib/ccs/Debug/driverlib.lib
       sysctl.obj                     642     108       0      
       gpio.obj                       492     144       0      
       interrupt.obj                  156     268       0      
       uart.obj                       182     0         0      
       timer.obj                      164     0         0      
       systick.obj                    56      0         0      
       fpu.obj                        16      0         0      
       cpu.obj                        12      0         0      
    +--+------------------------------+-------+---------+---------+
       Total:                         1720    520       0      
                                                               
    C:\ti\ccs920\ccs\tools\compiler\ti-cgt-arm_18.12.3.LTS\lib\rtsv7M4_T_le_v4SPD16_eabi.lib
       fd_add_t2.asm.obj              438     0         0      
       fd_div_t2.asm.obj              310     0         0      
       fd_cmp_t2.asm.obj              268     0         0      
       ctype.c.obj                    0       257       0      
       fd_mul_t2.asm.obj              252     0         0      
       memcpy_t2.asm.obj              156     0         0      
       memset_t2.asm.obj              122     0         0      
       fd_tos_t2.asm.obj              110     0         0      
       copy_decompress_lzss.c.obj     104     0         0      
       atoi.c.obj                     76      0         0      
       autoinit.c.obj                 68      0         0      
       u_divt2.asm.obj                64      0         0      
       fs_tod_t2.asm.obj              56      0         0      
       boot_cortex_m.c.obj            52      0         0      
       u_tofd_t2.asm.obj              32      0         0      
       copy_zero_init.c.obj           28      0         0      
       strcmp.c.obj                   24      0         0      
       copy_decompress_none.c.obj     14      0         0      
       exit.c.obj                     4       0         0      
       pre_init.c.obj                 4       0         0      
       div0.asm.obj                   2       0         0      
    +--+------------------------------+-------+---------+---------+
       Total:                         2184    257       0      
                                                               
       Stack:                         0       0         512    
       Linker Generated:              0       252       0      
    +--+------------------------------+-------+---------+---------+
       Grand Total:                   24849   3340      3143   


LINKER GENERATED COPY TABLES

__TI_cinit_table @ 00006e38 records: 2, size/record: 8, table size: 16
	.data: load addr=00006d48, load size=000000d8 bytes, run addr=20000000, run size=000006fd bytes, compression=lzss
	.bss: load addr=00006e30, load size=00000008 bytes, run addr=20000700, run size=0000034c bytes, compression=zero_init


LINKER GENERATED HANDLER TABLE

__TI_handler_table @ 00006e20 records: 3, size/record: 4, table size: 12
	index: 0, handler: __TI_decompress_lzss
	index: 1, handler: __TI_decompress_none
	index: 2, handler: __TI_zero_init


GLOBAL SYMBOLS: SORTED ALPHABETICALLY BY Name 

address   name                          
-------   ----                          
00004ac1  ATuneGetKd                    
00003e21  ATuneGetKi                    
00004c99  ATuneGetKp                    
00002ad5  ATuneGetOutputWeight          
00002485  ATuneInit                     
0000026d  ATuneRun                      
00002f59  ATune_FinishUp                
00005555  Api_CheckSum_Decoding         
0000533f  Api_CheckSum_Encoding         
00005a8d  Api_Console_Data_Clr          
00005fad  Api_Delay_ms                  
00004b39  Api_Period_Check              
00003f71  Api_SWTimer_Proc              
0000463d  Api_SWTimer_Resister          
0000538d  Api_SWTimer_Tick_Update       
000062f5  Api_Systick_Get               
000060d1  Api_Systick_Update            
000050a1  App_Alarm_Ctrl                
000038e9  App_Check_K_Valid             
00003571  App_Console_Cmd_Check         
0000365d  App_Console_Data_Rcv          
00005251  App_Console_Init              
0000426d  App_Ctrl_Param_Init           
000053d9  App_HI_Data_Clear             
00005fc9  App_HI_Data_Echo              
00005c25  App_Heater_All_Off            
0000400d  App_Heater_Ctrl               
00005045  App_Heater_Ctrl_Proc          
00006301  App_Host_Comm_Seq_Get         
00005fe1  App_Host_Comm_Seq_Set         
000046c1  App_Host_IF_Init              
0000373d  App_Host_IF_Msg_Parser        
00005bc5  App_Host_IF_Proc              
00006291  App_Host_IF_Send_Boot_Msg     
000016c1  App_Host_IF_Send_Msg          
00005975  App_Host_IF_Timeout_Check     
00005ddd  App_Host_IF_Timeout_Update    
000052a1  App_Host_IF_build_Packet      
00005883  App_Init                      
0000620f  App_Init_Temp_Ctrl            
000059ad  App_KValues_Init              
0000484d  App_Load_Config               
000022ff  App_NV_Data_Default_Set       
00005c55  App_NV_Data_Save              
00000825  App_Run_Heater                
00004419  App_SSR_Ctrl                  
00004745  App_SSR_Ctrl_Init             
000059e5  App_SSR_PWM_Init              
00003a81  App_SSR_PWM_Set               
000058c1  App_SWTimer_Comm_Proc         
00005bf5  App_SWTimer_Misc_Proc         
0000630d  App_SWTimer_Proc              
00005c81  App_SWTimer_Proc_init         
00005ac1  App_SWTimer_Temp_Reading      
0000562d  App_Set_Ctrl_Mode             
000058fd  App_Set_Ctrl_Mode_All         
00005e05  App_Set_Data_Display_Flag     
00003815  App_Set_SP                    
00005ff9  App_Set_SSR_En                
000050f9  App_Set_SSR_lock              
00003285  App_Sys_Logo                  
0000621f  App_System                    
00006135  App_System_Info               
000060a1  App_System_status_show        
00001bc9  App_Temp_Alarm_Check          
00003b41  App_Temp_Alarm_Config         
00005cad  App_Temp_Alarm_Init           
00005ebd  App_Temp_Ctrl_Proc            
00003cc1  App_Temp_Display              
0000104d  App_Temp_Read                 
00001f7d  App_Temp_Status               
00006345  App_Timer0A_IntHandler        
0000634d  App_Timer1A_IntHandler        
00002f57  App_Timer2A_IntHandler        
00003283  App_Timer3A_IntHandler        
00004abf  App_Timer4A_IntHandler        
0000622f  App_Timer_Init_SSR_Ctrl       
00006391  C$$EXIT                       
00006319  CPUcpsie                      
00003ec9  CmdLineProcess                
00004145  Cmd_help                      
0000629f  Cmd_info                      
00005845  Cmd_reset                     
000062ad  Cmd_show                      
00004c97  Drv_MAX31865_GPIO_Pin_Init    
00004d05  Drv_Max31865_Chips_Init       
00006011  Drv_Max31865_Init_Config      
000060b9  Drv_Max31865_Ready            
00003179  Drv_Max31865_Reg_Read         
00002e41  Drv_Max31865_Reg_Write        
00003c01  Drv_Max31865_Temp_Read        
00005671  Drv_Max31865_cs               
000056b5  Drv_Max31865_din              
00005939  Drv_Max31865_dout             
000057c5  Drv_Max31865_drdy             
000056f9  Drv_Max31865_sclk             
00006241  FPULazyStackingEnable         
000060e5  FlashPBGet                    
00002c01  FlashPBInit                   
00002301  FlashPBSave                   
00005d89  GPIODirModeSet                
000029a3  GPIOPadConfigSet              
0000559d  GPIOPinConfigure              
0000636d  GPIOPinRead                   
00006149  GPIOPinTypeGPIOInput          
00006029  GPIOPinTypeGPIOOutput         
0000615b  GPIOPinTypeUART               
00006373  GPIOPinWrite                  
000025e9  GetFIR                        
00005e2d  Hal_Core_Init                 
00005e51  Hal_Delay_us                  
00004e49  Hal_Gpi_Read                  
00006325  Hal_Gpio_Init                 
00005425  Hal_Gpio_Periph_En            
00002d21  Hal_Gpio_Pin_init             
000042fd  Hal_Gpo_Write                 
00005f3d  Hal_Systick_Init              
00006355  Hal_Systick_IntHandler        
00006041  Hal_Timer0A_IntHandler        
00005cd9  Hal_Timer1A_IntHandler        
00005d05  Hal_Timer2A_IntHandler        
00005d31  Hal_Timer3A_IntHandler        
00005d5d  Hal_Timer4A_IntHandler        
000041d9  Hal_Timer_Init                
0000616d  Hal_Uart0_Int_Handler         
0000617f  Hal_Uart1_Int_Handler         
00006191  Hal_Uart2_Int_Handler         
000061a3  Hal_Uart3_Int_Handler         
000061b5  Hal_Uart4_Int_Handler         
000061c7  Hal_Uart5_Int_Handler         
000061d9  Hal_Uart6_Int_Handler         
000061eb  Hal_Uart7_Int_Handler         
000047c9  Hal_Uart_Data_Fill            
00005471  Hal_Uart_Data_Rcv             
00004d71  Hal_Uart_Get_Char             
000019e5  Hal_Uart_Init                 
00006059  Hal_Uart_Rcv_Len              
00005a1d  Hal_Uart_Send                 
00004ddd  InitFir                       
00004eb1  IntEnable                     
00006251  IntMasterEnable               
00005e75  IntPrioritySet                
000051a9  MAX_V                         
000051fd  MIN_V                         
00000d01  PidCompute                    
000054bd  PidInit                       
0000573d  PidSetOutputLimits            
000039b5  PidSetTunings                 
00006379  ResetISR                      
200005f4  SSROnPeriod                   
00003069  SysCtlClockGet                
0000347d  SysCtlClockSet                
0000637f  SysCtlDelay                   
00005af5  SysCtlFlashSectorSizeGet      
00005b29  SysCtlPeripheralEnable        
00006261  SysCtlReset                   
000060f9  SysTickEnable                 
0000610d  SysTickIntEnable              
00006271  SysTickPeriodSet              
00004fe5  TimerConfigure                
00006071  TimerDisable                  
000062bb  TimerEnable                   
00006385  TimerIntClear                 
0000635d  TimerIntEnable                
000061fd  TimerLoadSet                  
000062c9  UARTCharGetNonBlocking        
00006331  UARTCharPut                   
000062d7  UARTCharsAvail                
000055e5  UARTConfigSetExpClk           
00005ee1  UARTDisable                   
00006121  UARTEnable                    
00006389  UARTIntClear                  
00006365  UARTIntEnable                 
0000633b  UARTIntStatus                 
00003d71  UARTStdioConfig               
00005e99  UARTprintf                    
0000138d  UARTvprintf                   
000044a5  UARTwrite                     
20000834  _AtAbsMax                     
20000840  _AtAbsMin                     
2000084c  _AtAmplitude                  
20000858  _AtControlType                
20000864  _AtJustchangedCnt             
20000870  _AtJustevaled                 
2000087c  _AtKu                         
20000888  _AtLastLowPeak1ms             
20000894  _AtLastPeak1ms                
200008a0  _AtLastStepUpTime             
200008ac  _AtLastTime1ms                
200008b8  _AtLookBackCnt                
200008c4  _AtMaxStepUpCount             
200008d0  _AtNoiseBand                  
200008dc  _AtOstep                      
200008e8  _AtOutputStart                
200008f4  _AtPrevOutput                 
20000900  _AtPrevStepUpTime             
2000090c  _AtPu                         
20000918  _AtRunning                    
20000600  _AtSampleTime                 
20000924  _AtSetpoint                   
20000930  _AtStepUpCount                
20000c50  __STACK_END                   
00000200  __STACK_SIZE                  
20000c50  __STACK_TOP                   
00006e38  __TI_CINIT_Base               
00006e48  __TI_CINIT_Limit              
00006e20  __TI_Handler_Table_Base       
00006e2c  __TI_Handler_Table_Limit      
00005781  __TI_auto_init_nobinit_nopinit
00004f19  __TI_decompress_lzss          
000062e5  __TI_decompress_none          
ffffffff  __TI_pprof_out_hndl           
ffffffff  __TI_prof_data_size           
ffffffff  __TI_prof_data_start          
00000000  __TI_static_base__            
00005f91  __TI_zero_init_nomemset       
00004531  __aeabi_cdcmpeq               
00004531  __aeabi_cdcmple               
000045b7  __aeabi_cdrcmple              
00004c29  __aeabi_d2f                   
00002153  __aeabi_dadd                  
0000286d  __aeabi_ddiv                  
00003381  __aeabi_dmul                  
00002149  __aeabi_dsub                  
00005a55  __aeabi_f2d                   
0000538b  __aeabi_idiv0                 
0000538b  __aeabi_ldiv0                 
00004a45  __aeabi_memclr                
00004a45  __aeabi_memclr4               
00004a45  __aeabi_memclr8               
000040a9  __aeabi_memcpy                
000040a9  __aeabi_memcpy4               
000040a9  __aeabi_memcpy8               
00004a47  __aeabi_memset                
00004a47  __aeabi_memset4               
00004a47  __aeabi_memset8               
00005f01  __aeabi_ui2d                  
00005805  __aeabi_uidiv                 
00005805  __aeabi_uidivmod              
ffffffff  __binit__                     
ffffffff  __c_args__                    
00005b91  __error__                     
UNDEFED   __mpu_init                    
20000a50  __stack                       
2000060c  _atuneOutputStep              
00005b5d  _c_int00_noargs               
20000618  _ctrlOutput                   
200006e1  _ctrl_Mode                    
000065d0  _ctypes_                      
20000624  _errorCode                    
2000093c  _firCurrentSum                
20000948  _firIndex                     
20000954  _firIndex_set                 
20000700  _firPrevValue                 
20000a40  _isStartAboveSP               
20000630  _kd                           
2000063c  _ki                           
20000648  _kp                           
20000654  _outputDownWeight             
20000660  _outputUpWeight               
20000960  _pidDownWeight                
2000096c  _pidIntegralTerm              
20000978  _pidKd                        
20000984  _pidKi                        
20000990  _pidKp                        
2000099c  _pidLastInput                 
200009a8  _pidLastTime1ms               
200009b4  _pidOutMax                    
200009c0  _pidOutMin                    
200009cc  _pidSampleTime                
200009d8  _pidUpWeight                  
2000066c  _prevErrorCode                
20000678  _setPoint                     
UNDEFED   _system_post_cinit            
0000638d  _system_pre_init              
00006391  abort                         
200009e4  alarm_cnt_hi                  
200009f0  alarm_cnt_lo                  
20000a44  alarm_status                  
00005509  atoi                          
ffffffff  binit                         
0000494d  cmd_data_display              
00002731  cmd_debug_lvl                 
000049c9  cmd_heater_ctrl               
00005db3  cmd_host_if_echo_set          
200004a0  cmd_list                      
00004bb1  cmd_pid_mode                  
00005151  cmd_pid_mode_all              
000052f1  cmd_set_sp                    
200009fc  curr_Ambient                  
200006e9  curr_ssr_status               
200005bc  debug_log_msg                 
200007e4  dev                           
00004f81  dmsg                          
200006c6  flag_data_display             
200006c7  flag_data_display_ch          
20000684  g_fPWMPercentage              
00000000  g_pfnVectors                  
00006ac8  gpi_lists                     
000067d0  gpo_lists                     
200006f3  host_comm_seq                 
00006281  main                          
20000690  max31865_fault                
000040a9  memcpy                        
00004a4d  memset                        
20000a08  pv_fraction                   
20000a14  pv_integer                    
2000069c  pwm_percent_Integer           
200006a8  pwm_percent_fraction          
200006c8  ssr_en                        
200006f8  ssr_lock                      
200005dc  str_ctrl_mode                 
200006f4  str_hi_ch                     
200006b4  str_temp_ch                   
00006089  strcmp                        
20000400  swtimer                       
20000a48  sys_clock                     
200006ec  sys_tick_ms                   
20000a20  temp_Ambient                  
200006c5  temp_ctrl_ready               
200006c4  temp_err_cnt                  


GLOBAL SYMBOLS: SORTED BY Symbol Address 

address   name                          
-------   ----                          
00000000  __TI_static_base__            
00000000  g_pfnVectors                  
00000200  __STACK_SIZE                  
0000026d  ATuneRun                      
00000825  App_Run_Heater                
00000d01  PidCompute                    
0000104d  App_Temp_Read                 
0000138d  UARTvprintf                   
000016c1  App_Host_IF_Send_Msg          
000019e5  Hal_Uart_Init                 
00001bc9  App_Temp_Alarm_Check          
00001f7d  App_Temp_Status               
00002149  __aeabi_dsub                  
00002153  __aeabi_dadd                  
000022ff  App_NV_Data_Default_Set       
00002301  FlashPBSave                   
00002485  ATuneInit                     
000025e9  GetFIR                        
00002731  cmd_debug_lvl                 
0000286d  __aeabi_ddiv                  
000029a3  GPIOPadConfigSet              
00002ad5  ATuneGetOutputWeight          
00002c01  FlashPBInit                   
00002d21  Hal_Gpio_Pin_init             
00002e41  Drv_Max31865_Reg_Write        
00002f57  App_Timer2A_IntHandler        
00002f59  ATune_FinishUp                
00003069  SysCtlClockGet                
00003179  Drv_Max31865_Reg_Read         
00003283  App_Timer3A_IntHandler        
00003285  App_Sys_Logo                  
00003381  __aeabi_dmul                  
0000347d  SysCtlClockSet                
00003571  App_Console_Cmd_Check         
0000365d  App_Console_Data_Rcv          
0000373d  App_Host_IF_Msg_Parser        
00003815  App_Set_SP                    
000038e9  App_Check_K_Valid             
000039b5  PidSetTunings                 
00003a81  App_SSR_PWM_Set               
00003b41  App_Temp_Alarm_Config         
00003c01  Drv_Max31865_Temp_Read        
00003cc1  App_Temp_Display              
00003d71  UARTStdioConfig               
00003e21  ATuneGetKi                    
00003ec9  CmdLineProcess                
00003f71  Api_SWTimer_Proc              
0000400d  App_Heater_Ctrl               
000040a9  __aeabi_memcpy                
000040a9  __aeabi_memcpy4               
000040a9  __aeabi_memcpy8               
000040a9  memcpy                        
00004145  Cmd_help                      
000041d9  Hal_Timer_Init                
0000426d  App_Ctrl_Param_Init           
000042fd  Hal_Gpo_Write                 
00004419  App_SSR_Ctrl                  
000044a5  UARTwrite                     
00004531  __aeabi_cdcmpeq               
00004531  __aeabi_cdcmple               
000045b7  __aeabi_cdrcmple              
0000463d  Api_SWTimer_Resister          
000046c1  App_Host_IF_Init              
00004745  App_SSR_Ctrl_Init             
000047c9  Hal_Uart_Data_Fill            
0000484d  App_Load_Config               
0000494d  cmd_data_display              
000049c9  cmd_heater_ctrl               
00004a45  __aeabi_memclr                
00004a45  __aeabi_memclr4               
00004a45  __aeabi_memclr8               
00004a47  __aeabi_memset                
00004a47  __aeabi_memset4               
00004a47  __aeabi_memset8               
00004a4d  memset                        
00004abf  App_Timer4A_IntHandler        
00004ac1  ATuneGetKd                    
00004b39  Api_Period_Check              
00004bb1  cmd_pid_mode                  
00004c29  __aeabi_d2f                   
00004c97  Drv_MAX31865_GPIO_Pin_Init    
00004c99  ATuneGetKp                    
00004d05  Drv_Max31865_Chips_Init       
00004d71  Hal_Uart_Get_Char             
00004ddd  InitFir                       
00004e49  Hal_Gpi_Read                  
00004eb1  IntEnable                     
00004f19  __TI_decompress_lzss          
00004f81  dmsg                          
00004fe5  TimerConfigure                
00005045  App_Heater_Ctrl_Proc          
000050a1  App_Alarm_Ctrl                
000050f9  App_Set_SSR_lock              
00005151  cmd_pid_mode_all              
000051a9  MAX_V                         
000051fd  MIN_V                         
00005251  App_Console_Init              
000052a1  App_Host_IF_build_Packet      
000052f1  cmd_set_sp                    
0000533f  Api_CheckSum_Encoding         
0000538b  __aeabi_idiv0                 
0000538b  __aeabi_ldiv0                 
0000538d  Api_SWTimer_Tick_Update       
000053d9  App_HI_Data_Clear             
00005425  Hal_Gpio_Periph_En            
00005471  Hal_Uart_Data_Rcv             
000054bd  PidInit                       
00005509  atoi                          
00005555  Api_CheckSum_Decoding         
0000559d  GPIOPinConfigure              
000055e5  UARTConfigSetExpClk           
0000562d  App_Set_Ctrl_Mode             
00005671  Drv_Max31865_cs               
000056b5  Drv_Max31865_din              
000056f9  Drv_Max31865_sclk             
0000573d  PidSetOutputLimits            
00005781  __TI_auto_init_nobinit_nopinit
000057c5  Drv_Max31865_drdy             
00005805  __aeabi_uidiv                 
00005805  __aeabi_uidivmod              
00005845  Cmd_reset                     
00005883  App_Init                      
000058c1  App_SWTimer_Comm_Proc         
000058fd  App_Set_Ctrl_Mode_All         
00005939  Drv_Max31865_dout             
00005975  App_Host_IF_Timeout_Check     
000059ad  App_KValues_Init              
000059e5  App_SSR_PWM_Init              
00005a1d  Hal_Uart_Send                 
00005a55  __aeabi_f2d                   
00005a8d  Api_Console_Data_Clr          
00005ac1  App_SWTimer_Temp_Reading      
00005af5  SysCtlFlashSectorSizeGet      
00005b29  SysCtlPeripheralEnable        
00005b5d  _c_int00_noargs               
00005b91  __error__                     
00005bc5  App_Host_IF_Proc              
00005bf5  App_SWTimer_Misc_Proc         
00005c25  App_Heater_All_Off            
00005c55  App_NV_Data_Save              
00005c81  App_SWTimer_Proc_init         
00005cad  App_Temp_Alarm_Init           
00005cd9  Hal_Timer1A_IntHandler        
00005d05  Hal_Timer2A_IntHandler        
00005d31  Hal_Timer3A_IntHandler        
00005d5d  Hal_Timer4A_IntHandler        
00005d89  GPIODirModeSet                
00005db3  cmd_host_if_echo_set          
00005ddd  App_Host_IF_Timeout_Update    
00005e05  App_Set_Data_Display_Flag     
00005e2d  Hal_Core_Init                 
00005e51  Hal_Delay_us                  
00005e75  IntPrioritySet                
00005e99  UARTprintf                    
00005ebd  App_Temp_Ctrl_Proc            
00005ee1  UARTDisable                   
00005f01  __aeabi_ui2d                  
00005f3d  Hal_Systick_Init              
00005f91  __TI_zero_init_nomemset       
00005fad  Api_Delay_ms                  
00005fc9  App_HI_Data_Echo              
00005fe1  App_Host_Comm_Seq_Set         
00005ff9  App_Set_SSR_En                
00006011  Drv_Max31865_Init_Config      
00006029  GPIOPinTypeGPIOOutput         
00006041  Hal_Timer0A_IntHandler        
00006059  Hal_Uart_Rcv_Len              
00006071  TimerDisable                  
00006089  strcmp                        
000060a1  App_System_status_show        
000060b9  Drv_Max31865_Ready            
000060d1  Api_Systick_Update            
000060e5  FlashPBGet                    
000060f9  SysTickEnable                 
0000610d  SysTickIntEnable              
00006121  UARTEnable                    
00006135  App_System_Info               
00006149  GPIOPinTypeGPIOInput          
0000615b  GPIOPinTypeUART               
0000616d  Hal_Uart0_Int_Handler         
0000617f  Hal_Uart1_Int_Handler         
00006191  Hal_Uart2_Int_Handler         
000061a3  Hal_Uart3_Int_Handler         
000061b5  Hal_Uart4_Int_Handler         
000061c7  Hal_Uart5_Int_Handler         
000061d9  Hal_Uart6_Int_Handler         
000061eb  Hal_Uart7_Int_Handler         
000061fd  TimerLoadSet                  
0000620f  App_Init_Temp_Ctrl            
0000621f  App_System                    
0000622f  App_Timer_Init_SSR_Ctrl       
00006241  FPULazyStackingEnable         
00006251  IntMasterEnable               
00006261  SysCtlReset                   
00006271  SysTickPeriodSet              
00006281  main                          
00006291  App_Host_IF_Send_Boot_Msg     
0000629f  Cmd_info                      
000062ad  Cmd_show                      
000062bb  TimerEnable                   
000062c9  UARTCharGetNonBlocking        
000062d7  UARTCharsAvail                
000062e5  __TI_decompress_none          
000062f5  Api_Systick_Get               
00006301  App_Host_Comm_Seq_Get         
0000630d  App_SWTimer_Proc              
00006319  CPUcpsie                      
00006325  Hal_Gpio_Init                 
00006331  UARTCharPut                   
0000633b  UARTIntStatus                 
00006345  App_Timer0A_IntHandler        
0000634d  App_Timer1A_IntHandler        
00006355  Hal_Systick_IntHandler        
0000635d  TimerIntEnable                
00006365  UARTIntEnable                 
0000636d  GPIOPinRead                   
00006373  GPIOPinWrite                  
00006379  ResetISR                      
0000637f  SysCtlDelay                   
00006385  TimerIntClear                 
00006389  UARTIntClear                  
0000638d  _system_pre_init              
00006391  C$$EXIT                       
00006391  abort                         
000065d0  _ctypes_                      
000067d0  gpo_lists                     
00006ac8  gpi_lists                     
00006e20  __TI_Handler_Table_Base       
00006e2c  __TI_Handler_Table_Limit      
00006e38  __TI_CINIT_Base               
00006e48  __TI_CINIT_Limit              
20000400  swtimer                       
200004a0  cmd_list                      
200005bc  debug_log_msg                 
200005dc  str_ctrl_mode                 
200005f4  SSROnPeriod                   
20000600  _AtSampleTime                 
2000060c  _atuneOutputStep              
20000618  _ctrlOutput                   
20000624  _errorCode                    
20000630  _kd                           
2000063c  _ki                           
20000648  _kp                           
20000654  _outputDownWeight             
20000660  _outputUpWeight               
2000066c  _prevErrorCode                
20000678  _setPoint                     
20000684  g_fPWMPercentage              
20000690  max31865_fault                
2000069c  pwm_percent_Integer           
200006a8  pwm_percent_fraction          
200006b4  str_temp_ch                   
200006c4  temp_err_cnt                  
200006c5  temp_ctrl_ready               
200006c6  flag_data_display             
200006c7  flag_data_display_ch          
200006c8  ssr_en                        
200006e1  _ctrl_Mode                    
200006e9  curr_ssr_status               
200006ec  sys_tick_ms                   
200006f3  host_comm_seq                 
200006f4  str_hi_ch                     
200006f8  ssr_lock                      
20000700  _firPrevValue                 
200007e4  dev                           
20000834  _AtAbsMax                     
20000840  _AtAbsMin                     
2000084c  _AtAmplitude                  
20000858  _AtControlType                
20000864  _AtJustchangedCnt             
20000870  _AtJustevaled                 
2000087c  _AtKu                         
20000888  _AtLastLowPeak1ms             
20000894  _AtLastPeak1ms                
200008a0  _AtLastStepUpTime             
200008ac  _AtLastTime1ms                
200008b8  _AtLookBackCnt                
200008c4  _AtMaxStepUpCount             
200008d0  _AtNoiseBand                  
200008dc  _AtOstep                      
200008e8  _AtOutputStart                
200008f4  _AtPrevOutput                 
20000900  _AtPrevStepUpTime             
2000090c  _AtPu                         
20000918  _AtRunning                    
20000924  _AtSetpoint                   
20000930  _AtStepUpCount                
2000093c  _firCurrentSum                
20000948  _firIndex                     
20000954  _firIndex_set                 
20000960  _pidDownWeight                
2000096c  _pidIntegralTerm              
20000978  _pidKd                        
20000984  _pidKi                        
20000990  _pidKp                        
2000099c  _pidLastInput                 
200009a8  _pidLastTime1ms               
200009b4  _pidOutMax                    
200009c0  _pidOutMin                    
200009cc  _pidSampleTime                
200009d8  _pidUpWeight                  
200009e4  alarm_cnt_hi                  
200009f0  alarm_cnt_lo                  
200009fc  curr_Ambient                  
20000a08  pv_fraction                   
20000a14  pv_integer                    
20000a20  temp_Ambient                  
20000a40  _isStartAboveSP               
20000a44  alarm_status                  
20000a48  sys_clock                     
20000a50  __stack                       
20000c50  __STACK_END                   
20000c50  __STACK_TOP                   
ffffffff  __TI_pprof_out_hndl           
ffffffff  __TI_prof_data_size           
ffffffff  __TI_prof_data_start          
ffffffff  __binit__                     
ffffffff  __c_args__                    
ffffffff  binit                         
UNDEFED   __mpu_init                    
UNDEFED   _system_post_cinit            

[321 symbols]
